Archive member included to satisfy reference by file (symbol)

c:/st/stm32cubeide_1.5.1/stm32cubeide/plugins/com.st.stm32cube.ide.mcu.externaltools.gnu-tools-for-stm32.7-2018-q2-update.win32_1.5.0.202011040924/tools/bin/../lib/gcc/arm-none-eabi/7.3.1/../../../../arm-none-eabi/lib/thumb/v7e-m/fpv4-sp/hard\libc_nano.a(lib_a-errno.o)
                              Core/Src/syscalls.o (__errno)
c:/st/stm32cubeide_1.5.1/stm32cubeide/plugins/com.st.stm32cube.ide.mcu.externaltools.gnu-tools-for-stm32.7-2018-q2-update.win32_1.5.0.202011040924/tools/bin/../lib/gcc/arm-none-eabi/7.3.1/../../../../arm-none-eabi/lib/thumb/v7e-m/fpv4-sp/hard\libc_nano.a(lib_a-exit.o)
                              c:/st/stm32cubeide_1.5.1/stm32cubeide/plugins/com.st.stm32cube.ide.mcu.externaltools.gnu-tools-for-stm32.7-2018-q2-update.win32_1.5.0.202011040924/tools/bin/../lib/gcc/arm-none-eabi/7.3.1/../../../../arm-none-eabi/lib/thumb/v7e-m/fpv4-sp/hard/crt0.o (exit)
c:/st/stm32cubeide_1.5.1/stm32cubeide/plugins/com.st.stm32cube.ide.mcu.externaltools.gnu-tools-for-stm32.7-2018-q2-update.win32_1.5.0.202011040924/tools/bin/../lib/gcc/arm-none-eabi/7.3.1/../../../../arm-none-eabi/lib/thumb/v7e-m/fpv4-sp/hard\libc_nano.a(lib_a-impure.o)
                              c:/st/stm32cubeide_1.5.1/stm32cubeide/plugins/com.st.stm32cube.ide.mcu.externaltools.gnu-tools-for-stm32.7-2018-q2-update.win32_1.5.0.202011040924/tools/bin/../lib/gcc/arm-none-eabi/7.3.1/../../../../arm-none-eabi/lib/thumb/v7e-m/fpv4-sp/hard\libc_nano.a(lib_a-exit.o) (_global_impure_ptr)
c:/st/stm32cubeide_1.5.1/stm32cubeide/plugins/com.st.stm32cube.ide.mcu.externaltools.gnu-tools-for-stm32.7-2018-q2-update.win32_1.5.0.202011040924/tools/bin/../lib/gcc/arm-none-eabi/7.3.1/../../../../arm-none-eabi/lib/thumb/v7e-m/fpv4-sp/hard\libc_nano.a(lib_a-init.o)
                              c:/st/stm32cubeide_1.5.1/stm32cubeide/plugins/com.st.stm32cube.ide.mcu.externaltools.gnu-tools-for-stm32.7-2018-q2-update.win32_1.5.0.202011040924/tools/bin/../lib/gcc/arm-none-eabi/7.3.1/../../../../arm-none-eabi/lib/thumb/v7e-m/fpv4-sp/hard/crt0.o (__libc_init_array)
c:/st/stm32cubeide_1.5.1/stm32cubeide/plugins/com.st.stm32cube.ide.mcu.externaltools.gnu-tools-for-stm32.7-2018-q2-update.win32_1.5.0.202011040924/tools/bin/../lib/gcc/arm-none-eabi/7.3.1/../../../../arm-none-eabi/lib/thumb/v7e-m/fpv4-sp/hard\libc_nano.a(lib_a-memcpy-stub.o)
                              Middlewares/ST/BlueNRG-MS/hci/controller/bluenrg_gap_aci.o (memcpy)
c:/st/stm32cubeide_1.5.1/stm32cubeide/plugins/com.st.stm32cube.ide.mcu.externaltools.gnu-tools-for-stm32.7-2018-q2-update.win32_1.5.0.202011040924/tools/bin/../lib/gcc/arm-none-eabi/7.3.1/../../../../arm-none-eabi/lib/thumb/v7e-m/fpv4-sp/hard\libc_nano.a(lib_a-memset.o)
                              c:/st/stm32cubeide_1.5.1/stm32cubeide/plugins/com.st.stm32cube.ide.mcu.externaltools.gnu-tools-for-stm32.7-2018-q2-update.win32_1.5.0.202011040924/tools/bin/../lib/gcc/arm-none-eabi/7.3.1/../../../../arm-none-eabi/lib/thumb/v7e-m/fpv4-sp/hard/crt0.o (memset)
c:/st/stm32cubeide_1.5.1/stm32cubeide/plugins/com.st.stm32cube.ide.mcu.externaltools.gnu-tools-for-stm32.7-2018-q2-update.win32_1.5.0.202011040924/tools/bin/../lib/gcc/arm-none-eabi/7.3.1/../../../../arm-none-eabi/lib/thumb/v7e-m/fpv4-sp/hard\libc_nano.a(lib_a-rand.o)
                              BlueNRG_MS/App/app_bluenrg_ms.o (srand)
c:/st/stm32cubeide_1.5.1/stm32cubeide/plugins/com.st.stm32cube.ide.mcu.externaltools.gnu-tools-for-stm32.7-2018-q2-update.win32_1.5.0.202011040924/tools/bin/../lib/gcc/arm-none-eabi/7.3.1/../../../../arm-none-eabi/lib/thumb/v7e-m/fpv4-sp/hard\libc_nano.a(lib_a-sprintf.o)
                              Core/Src/main.o (sprintf)
c:/st/stm32cubeide_1.5.1/stm32cubeide/plugins/com.st.stm32cube.ide.mcu.externaltools.gnu-tools-for-stm32.7-2018-q2-update.win32_1.5.0.202011040924/tools/bin/../lib/gcc/arm-none-eabi/7.3.1/../../../../arm-none-eabi/lib/thumb/v7e-m/fpv4-sp/hard\libc_nano.a(lib_a-strlen.o)
                              BlueNRG_MS/App/app_bluenrg_ms.o (strlen)
c:/st/stm32cubeide_1.5.1/stm32cubeide/plugins/com.st.stm32cube.ide.mcu.externaltools.gnu-tools-for-stm32.7-2018-q2-update.win32_1.5.0.202011040924/tools/bin/../lib/gcc/arm-none-eabi/7.3.1/../../../../arm-none-eabi/lib/thumb/v7e-m/fpv4-sp/hard\libc_nano.a(lib_a-malloc.o)
                              c:/st/stm32cubeide_1.5.1/stm32cubeide/plugins/com.st.stm32cube.ide.mcu.externaltools.gnu-tools-for-stm32.7-2018-q2-update.win32_1.5.0.202011040924/tools/bin/../lib/gcc/arm-none-eabi/7.3.1/../../../../arm-none-eabi/lib/thumb/v7e-m/fpv4-sp/hard\libc_nano.a(lib_a-rand.o) (malloc)
c:/st/stm32cubeide_1.5.1/stm32cubeide/plugins/com.st.stm32cube.ide.mcu.externaltools.gnu-tools-for-stm32.7-2018-q2-update.win32_1.5.0.202011040924/tools/bin/../lib/gcc/arm-none-eabi/7.3.1/../../../../arm-none-eabi/lib/thumb/v7e-m/fpv4-sp/hard\libc_nano.a(lib_a-nano-freer.o)
[...]
Memory Configuration

Name             Origin             Length             Attributes
RAM              0x0000000020000000 0x0000000000018000 xrw
RAM2             0x0000000010000000 0x0000000000008000 xrw
FLASH            0x0000000008000000 0x0000000000100000 xr
*default*        0x0000000000000000 0xffffffffffffffff

Linker script and memory map

LOAD c:/st/stm32cubeide_1.5.1/stm32cubeide/plugins/com.st.stm32cube.ide.mcu.externaltools.gnu-tools-for-stm32.7-2018-q2-update.win32_1.5.0.202011040924/tools/bin/../lib/gcc/arm-none-eabi/7.3.1/thumb/v7e-m/fpv4-sp/hard/crti.o
LOAD c:/st/stm32cubeide_1.5.1/stm32cubeide/plugins/com.st.stm32cube.ide.mcu.externaltools.gnu-tools-for-stm32.7-2018-q2-update.win32_1.5.0.202011040924/tools/bin/../lib/gcc/arm-none-eabi/7.3.1/thumb/v7e-m/fpv4-sp/hard/crtbegin.o
LOAD c:/st/stm32cubeide_1.5.1/stm32cubeide/plugins/com.st.stm32cube.ide.mcu.externaltools.gnu-tools-for-stm32.7-2018-q2-update.win32_1.5.0.202011040924/tools/bin/../lib/gcc/arm-none-eabi/7.3.1/../../../../arm-none-eabi/lib/thumb/v7e-m/fpv4-sp/hard/crt0.o
LOAD BlueNRG_MS/App/app_bluenrg_ms.o
LOAD BlueNRG_MS/App/gatt_db.o
LOAD BlueNRG_MS/App/sensor.o
LOAD BlueNRG_MS/Target/hci_tl_interface.o
LOAD Core/Src/adc.o
LOAD Core/Src/bsp.o
LOAD Core/Src/gpio.o
LOAD Core/Src/i2c.o
LOAD Core/Src/lcd_i2c.o
LOAD Core/Src/main.o
LOAD Core/Src/stm32l4xx_hal_msp.o
LOAD Core/Src/stm32l4xx_it.o
LOAD Core/Src/stm32l4xx_nucleo_bus.o
LOAD Core/Src/syscalls.o
LOAD Core/Src/sysmem.o
LOAD Core/Src/system_stm32l4xx.o
LOAD Core/Src/tim.o
LOAD Core/Startup/startup_stm32l476rgtx.o
LOAD Drivers/BSP/STM32L4xx_Nucleo/stm32l4xx_nucleo.o
LOAD Drivers/STM32L4xx_HAL_Driver/Src/stm32l4xx_hal.o
LOAD Drivers/STM32L4xx_HAL_Driver/Src/stm32l4xx_hal_adc.o
LOAD Drivers/STM32L4xx_HAL_Driver/Src/stm32l4xx_hal_adc_ex.o
LOAD Drivers/STM32L4xx_HAL_Driver/Src/stm32l4xx_hal_cortex.o
LOAD Drivers/STM32L4xx_HAL_Driver/Src/stm32l4xx_hal_dma.o
LOAD Drivers/STM32L4xx_HAL_Driver/Src/stm32l4xx_hal_dma_ex.o
LOAD Drivers/STM32L4xx_HAL_Driver/Src/stm32l4xx_hal_exti.o
LOAD Drivers/STM32L4xx_HAL_Driver/Src/stm32l4xx_hal_flash.o
LOAD Drivers/STM32L4xx_HAL_Driver/Src/stm32l4xx_hal_flash_ex.o
LOAD Drivers/STM32L4xx_HAL_Driver/Src/stm32l4xx_hal_flash_ramfunc.o
LOAD Drivers/STM32L4xx_HAL_Driver/Src/stm32l4xx_hal_gpio.o
LOAD Drivers/STM32L4xx_HAL_Driver/Src/stm32l4xx_hal_i2c.o
LOAD Drivers/STM32L4xx_HAL_Driver/Src/stm32l4xx_hal_i2c_ex.o
LOAD Drivers/STM32L4xx_HAL_Driver/Src/stm32l4xx_hal_pwr.o
LOAD Drivers/STM32L4xx_HAL_Driver/Src/stm32l4xx_hal_pwr_ex.o
LOAD Drivers/STM32L4xx_HAL_Driver/Src/stm32l4xx_hal_rcc.o
LOAD Drivers/STM32L4xx_HAL_Driver/Src/stm32l4xx_hal_rcc_ex.o
LOAD Drivers/STM32L4xx_HAL_Driver/Src/stm32l4xx_hal_spi.o
LOAD Drivers/STM32L4xx_HAL_Driver/Src/stm32l4xx_hal_spi_ex.o
LOAD Drivers/STM32L4xx_HAL_Driver/Src/stm32l4xx_hal_tim.o
LOAD Drivers/STM32L4xx_HAL_Driver/Src/stm32l4xx_hal_tim_ex.o
LOAD Drivers/STM32L4xx_HAL_Driver/Src/stm32l4xx_hal_uart.o
LOAD Drivers/STM32L4xx_HAL_Driver/Src/stm32l4xx_hal_uart_ex.o
LOAD Middlewares/ST/BlueNRG-MS/hci/controller/bluenrg_gap_aci.o
LOAD Middlewares/ST/BlueNRG-MS/hci/controller/bluenrg_gatt_aci.o
LOAD Middlewares/ST/BlueNRG-MS/hci/controller/bluenrg_hal_aci.o
LOAD Middlewares/ST/BlueNRG-MS/hci/controller/bluenrg_l2cap_aci.o
LOAD Middlewares/ST/BlueNRG-MS/hci/controller/bluenrg_updater_aci.o
LOAD Middlewares/ST/BlueNRG-MS/hci/controller/bluenrg_utils_small.o
LOAD Middlewares/ST/BlueNRG-MS/hci/hci_le.o
LOAD Middlewares/ST/BlueNRG-MS/hci/hci_tl_patterns/Basic/hci_tl.o
LOAD Middlewares/ST/BlueNRG-MS/utils/ble_list.o
START GROUP
LOAD c:/st/stm32cubeide_1.5.1/stm32cubeide/plugins/com.st.stm32cube.ide.mcu.externaltools.gnu-tools-for-stm32.7-2018-q2-update.win32_1.5.0.202011040924/tools/bin/../lib/gcc/arm-none-eabi/7.3.1/../../../../arm-none-eabi/lib/thumb/v7e-m/fpv4-sp/hard\libc_nano.a
LOAD c:/st/stm32cubeide_1.5.1/stm32cubeide/plugins/com.st.stm32cube.ide.mcu.externaltools.gnu-tools-for-stm32.7-2018-q2-update.win32_1.5.0.202011040924/tools/bin/../lib/gcc/arm-none-eabi/7.3.1/../../../../arm-none-eabi/lib/thumb/v7e-m/fpv4-sp/hard\libm.a
END GROUP
START GROUP
LOAD c:/st/stm32cubeide_1.5.1/stm32cubeide/plugins/com.st.stm32cube.ide.mcu.externaltools.gnu-tools-for-stm32.7-2018-q2-update.win32_1.5.0.202011040924/tools/bin/../lib/gcc/arm-none-eabi/7.3.1/thumb/v7e-m/fpv4-sp/hard\libgcc.a
LOAD c:/st/stm32cubeide_1.5.1/stm32cubeide/plugins/com.st.stm32cube.ide.mcu.externaltools.gnu-tools-for-stm32.7-2018-q2-update.win32_1.5.0.202011040924/tools/bin/../lib/gcc/arm-none-eabi/7.3.1/../../../../arm-none-eabi/lib/thumb/v7e-m/fpv4-sp/hard\libc_nano.a
END GROUP
START GROUP
LOAD c:/st/stm32cubeide_1.5.1/stm32cubeide/plugins/com.st.stm32cube.ide.mcu.externaltools.gnu-tools-for-stm32.7-2018-q2-update.win32_1.5.0.202011040924/tools/bin/../lib/gcc/arm-none-eabi/7.3.1/thumb/v7e-m/fpv4-sp/hard\libgcc.a
LOAD c:/st/stm32cubeide_1.5.1/stm32cubeide/plugins/com.st.stm32cube.ide.mcu.externaltools.gnu-tools-for-stm32.7-2018-q2-update.win32_1.5.0.202011040924/tools/bin/../lib/gcc/arm-none-eabi/7.3.1/../../../../arm-none-eabi/lib/thumb/v7e-m/fpv4-sp/hard\libc_nano.a
LOAD c:/st/stm32cubeide_1.5.1/stm32cubeide/plugins/com.st.stm32cube.ide.mcu.externaltools.gnu-tools-for-stm32.7-2018-q2-update.win32_1.5.0.202011040924/tools/bin/../lib/gcc/arm-none-eabi/7.3.1/../../../../arm-none-eabi/lib/thumb/v7e-m/fpv4-sp/hard\libnosys.a
END GROUP
START GROUP
LOAD c:/st/stm32cubeide_1.5.1/stm32cubeide/plugins/com.st.stm32cube.ide.mcu.externaltools.gnu-tools-for-stm32.7-2018-q2-update.win32_1.5.0.202011040924/tools/bin/../lib/gcc/arm-none-eabi/7.3.1/thumb/v7e-m/fpv4-sp/hard\libgcc.a
LOAD c:/st/stm32cubeide_1.5.1/stm32cubeide/plugins/com.st.stm32cube.ide.mcu.externaltools.gnu-tools-for-stm32.7-2018-q2-update.win32_1.5.0.202011040924/tools/bin/../lib/gcc/arm-none-eabi/7.3.1/../../../../arm-none-eabi/lib/thumb/v7e-m/fpv4-sp/hard\libc_nano.a
LOAD c:/st/stm32cubeide_1.5.1/stm32cubeide/plugins/com.st.stm32cube.ide.mcu.externaltools.gnu-tools-for-stm32.7-2018-q2-update.win32_1.5.0.202011040924/tools/bin/../lib/gcc/arm-none-eabi/7.3.1/../../../../arm-none-eabi/lib/thumb/v7e-m/fpv4-sp/hard\libnosys.a
END GROUP
LOAD c:/st/stm32cubeide_1.5.1/stm32cubeide/plugins/com.st.stm32cube.ide.mcu.externaltools.gnu-tools-for-stm32.7-2018-q2-update.win32_1.5.0.202011040924/tools/bin/../lib/gcc/arm-none-eabi/7.3.1/thumb/v7e-m/fpv4-sp/hard/crtend.o
LOAD c:/st/stm32cubeide_1.5.1/stm32cubeide/plugins/com.st.stm32cube.ide.mcu.externaltools.gnu-tools-for-stm32.7-2018-q2-update.win32_1.5.0.202011040924/tools/bin/../lib/gcc/arm-none-eabi/7.3.1/thumb/v7e-m/fpv4-sp/hard/crtn.o
                0x0000000020018000                _estack = (ORIGIN (RAM) + LENGTH (RAM))
                0x0000000000000200                _Min_Heap_Size = 0x200
                0x0000000000000400                _Min_Stack_Size = 0x400

.isr_vector     0x0000000008000000      0x188
                0x0000000008000000                . = ALIGN (0x4)
 *(.isr_vector)
 .isr_vector    0x0000000008000000      0x188 Core/Startup/startup_stm32l476rgtx.o
                0x0000000008000000                g_pfnVectors
                0x0000000008000188                . = ALIGN (0x4)

.text           0x0000000008000190     0xbdd0
                0x0000000008000190                . = ALIGN (0x4)
 *(.text)
 .text          0x0000000008000190       0x40 c:/st/stm32cubeide_1.5.1/stm32cubeide/plugins/com.st.stm32cube.ide.mcu.externaltools.gnu-tools-for-stm32.7-2018-q2-update.win32_1.5.0.202011040924/tools/bin/../lib/gcc/arm-none-eabi/7.3.1/thumb/v7e-m/fpv4-sp/hard/crtbegin.o
 .text          0x00000000080001d0       0x10 c:/st/stm32cubeide_1.5.1/stm32cubeide/plugins/com.st.stm32cube.ide.mcu.externaltools.gnu-tools-for-stm32.7-2018-q2-update.win32_1.5.0.202011040924/tools/bin/../lib/gcc/arm-none-eabi/7.3.1/../../../../arm-none-eabi/lib/thumb/v7e-m/fpv4-sp/hard\libc_nano.a(lib_a-strlen.o)
                0x00000000080001d0                strlen
 .text          0x00000000080001e0       0xa0 c:/st/stm32cubeide_1.5.1/stm32cubeide/plugins/com.st.stm32cube.ide.mcu.externaltools.gnu-tools-for-stm32.7-2018-q2-update.win32_1.5.0.202011040924/tools/bin/../lib/gcc/arm-none-eabi/7.3.1/../../../../arm-none-eabi/lib/thumb/v7e-m/fpv4-sp/hard\libc_nano.a(lib_a-memchr.o)
                0x00000000080001e0                memchr
 .text          0x0000000008000280      0x378 c:/st/stm32cubeide_1.5.1/stm32cubeide/plugins/com.st.stm32cube.ide.mcu.externaltools.gnu-tools-for-stm32.7-2018-q2-update.win32_1.5.0.202011040924/tools/bin/../lib/gcc/arm-none-eabi/7.3.1/thumb/v7e-m/fpv4-sp/hard\libgcc.a(_arm_addsubdf3.o)
                0x0000000008000280                __aeabi_drsub
                0x0000000008000288                __aeabi_dsub
                0x0000000008000288                __subdf3
                0x000000000800028c                __aeabi_dadd
                0x000000000800028c                __adddf3
                0x0000000008000504                __floatunsidf
                0x0000000008000504                __aeabi_ui2d
                0x0000000008000524                __floatsidf
                0x0000000008000524                __aeabi_i2d
                0x0000000008000548                __aeabi_f2d
                0x0000000008000548                __extendsfdf2
                0x000000000800058c                __floatundidf
                0x000000000800058c                __aeabi_ul2d
                0x000000000800059c                __floatdidf
                0x000000000800059c                __aeabi_l2d
 .text          0x00000000080005f8      0x424 c:/st/stm32cubeide_1.5.1/stm32cubeide/plugins/com.st.stm32cube.ide.mcu.externaltools.gnu-tools-for-stm32.7-2018-q2-update.win32_1.5.0.202011040924/tools/bin/../lib/gcc/arm-none-eabi/7.3.1/thumb/v7e-m/fpv4-sp/hard\libgcc.a(_arm_muldivdf3.o)
                0x00000000080005f8                __aeabi_dmul
                0x00000000080005f8                __muldf3
                0x000000000800084c                __divdf3
                0x000000000800084c                __aeabi_ddiv
 .text          0x0000000008000a1c      0x110 c:/st/stm32cubeide_1.5.1/stm32cubeide/plugins/com.st.stm32cube.ide.mcu.externaltools.gnu-tools-for-stm32.7-2018-q2-update.win32_1.5.0.202011040924/tools/bin/../lib/gcc/arm-none-eabi/7.3.1/thumb/v7e-m/fpv4-sp/hard\libgcc.a(_arm_cmpdf2.o)
                0x0000000008000a1c                __gtdf2
                0x0000000008000a1c                __gedf2
                0x0000000008000a24                __ltdf2
                0x0000000008000a24                __ledf2
                0x0000000008000a2c                __nedf2
                0x0000000008000a2c                __eqdf2
                0x0000000008000a2c                __cmpdf2
                0x0000000008000aa8                __aeabi_cdrcmple
                0x0000000008000ab8                __aeabi_cdcmpeq
                0x0000000008000ab8                __aeabi_cdcmple
                0x0000000008000ac8                __aeabi_dcmpeq
                0x0000000008000adc                __aeabi_dcmplt
                0x0000000008000af0                __aeabi_dcmple
                0x0000000008000b04                __aeabi_dcmpge
                0x0000000008000b18                __aeabi_dcmpgt
 .text          0x0000000008000b2c       0x2c c:/st/stm32cubeide_1.5.1/stm32cubeide/plugins/com.st.stm32cube.ide.mcu.externaltools.gnu-tools-for-stm32.7-2018-q2-update.win32_1.5.0.202011040924/tools/bin/../lib/gcc/arm-none-eabi/7.3.1/thumb/v7e-m/fpv4-sp/hard\libgcc.a(_arm_unorddf2.o)
                0x0000000008000b2c                __unorddf2
                0x0000000008000b2c                __aeabi_dcmpun
 .text          0x0000000008000b58       0x40 c:/st/stm32cubeide_1.5.1/stm32cubeide/plugins/com.st.stm32cube.ide.mcu.externaltools.gnu-tools-for-stm32.7-2018-q2-update.win32_1.5.0.202011040924/tools/bin/../lib/gcc/arm-none-eabi/7.3.1/thumb/v7e-m/fpv4-sp/hard\libgcc.a(_arm_fixunsdfsi.o)
                0x0000000008000b58                __aeabi_d2uiz
                0x0000000008000b58                __fixunsdfsi
 .text          0x0000000008000b98       0xa0 c:/st/stm32cubeide_1.5.1/stm32cubeide/plugins/com.st.stm32cube.ide.mcu.externaltools.gnu-tools-for-stm32.7-2018-q2-update.win32_1.5.0.202011040924/tools/bin/../lib/gcc/arm-none-eabi/7.3.1/thumb/v7e-m/fpv4-sp/hard\libgcc.a(_arm_truncdfsf2.o)
                0x0000000008000b98                __truncdfsf2
                0x0000000008000b98                __aeabi_d2f
 .text          0x0000000008000c38       0x30 c:/st/stm32cubeide_1.5.1/stm32cubeide/plugins/com.st.stm32cube.ide.mcu.externaltools.gnu-tools-for-stm32.7-2018-q2-update.win32_1.5.0.202011040924/tools/bin/../lib/gcc/arm-none-eabi/7.3.1/thumb/v7e-m/fpv4-sp/hard\libgcc.a(_aeabi_uldivmod.o)
                0x0000000008000c38                __aeabi_uldivmod
 .text          0x0000000008000c68      0x2cc c:/st/stm32cubeide_1.5.1/stm32cubeide/plugins/com.st.stm32cube.ide.mcu.externaltools.gnu-tools-for-stm32.7-2018-q2-update.win32_1.5.0.202011040924/tools/bin/../lib/gcc/arm-none-eabi/7.3.1/thumb/v7e-m/fpv4-sp/hard\libgcc.a(_udivmoddi4.o)
                0x0000000008000c68                __udivmoddi4
 .text          0x0000000008000f34        0x4 c:/st/stm32cubeide_1.5.1/stm32cubeide/plugins/com.st.stm32cube.ide.mcu.externaltools.gnu-tools-for-stm32.7-2018-q2-update.win32_1.5.0.202011040924/tools/bin/../lib/gcc/arm-none-eabi/7.3.1/thumb/v7e-m/fpv4-sp/hard\libgcc.a(_dvmd_tls.o)
                0x0000000008000f34                __aeabi_idiv0
                0x0000000008000f34                __aeabi_ldiv0
 *(.text*)
 .text.MX_BlueNRG_MS_Init
                0x0000000008000f38      0x150 BlueNRG_MS/App/app_bluenrg_ms.o
                0x0000000008000f38                MX_BlueNRG_MS_Init
 .text.MX_BlueNRG_MS_Process
                0x0000000008001088       0x10 BlueNRG_MS/App/app_bluenrg_ms.o
                0x0000000008001088                MX_BlueNRG_MS_Process
 .text.User_Init
                0x0000000008001098       0x1c BlueNRG_MS/App/app_bluenrg_ms.o
 .text.User_Process
                0x00000000080010b4       0xd8 BlueNRG_MS/App/app_bluenrg_ms.o
 .text.Set_Random_Environmental_Values
                0x000000000800118c       0xf4 BlueNRG_MS/App/app_bluenrg_ms.o
 .text.Set_Random_Motion_Values
                0x0000000008001280      0xa3c BlueNRG_MS/App/app_bluenrg_ms.o
 .text.Reset_Motion_Values
                0x0000000008001cbc      0x1d4 BlueNRG_MS/App/app_bluenrg_ms.o
 .text.BSP_PB_Callback
                0x0000000008001e90       0x20 BlueNRG_MS/App/app_bluenrg_ms.o
                0x0000000008001e90                BSP_PB_Callback
 .text.Add_HWServW2ST_Service
                0x0000000008001eb0      0x1b0 BlueNRG_MS/App/gatt_db.o
                0x0000000008001eb0                Add_HWServW2ST_Service
 .text.Add_SWServW2ST_Service
                0x0000000008002060      0x128 BlueNRG_MS/App/gatt_db.o
                0x0000000008002060                Add_SWServW2ST_Service
 .text.Acc_Update
                0x0000000008002188      0x114 BlueNRG_MS/App/gatt_db.o
                0x0000000008002188                Acc_Update
 .text.Quat_Update
                0x000000000800229c       0x8c BlueNRG_MS/App/gatt_db.o
                0x000000000800229c                Quat_Update
 .text.Read_Request_CB
                0x0000000008002328      0x180 BlueNRG_MS/App/gatt_db.o
                0x0000000008002328                Read_Request_CB
 .text.BlueMS_Environmental_Update
                0x00000000080024a8       0x8c BlueNRG_MS/App/gatt_db.o
                0x00000000080024a8                BlueMS_Environmental_Update
 .text.Set_DeviceConnectable
                0x0000000008002534       0xe8 BlueNRG_MS/App/sensor.o
                0x0000000008002534                Set_DeviceConnectable
 .text.user_notify
                0x000000000800261c       0x96 BlueNRG_MS/App/sensor.o
                0x000000000800261c                user_notify
 *fill*         0x00000000080026b2        0x2 
 .text.GAP_DisconnectionComplete_CB
                0x00000000080026b4       0x2c BlueNRG_MS/App/sensor.o
                0x00000000080026b4                GAP_DisconnectionComplete_CB
 .text.GAP_ConnectionComplete_CB
                0x00000000080026e0       0x40 BlueNRG_MS/App/sensor.o
                0x00000000080026e0                GAP_ConnectionComplete_CB
 .text.HCI_TL_SPI_Init
                0x0000000008002720       0x90 BlueNRG_MS/Target/hci_tl_interface.o
                0x0000000008002720                HCI_TL_SPI_Init
 .text.HCI_TL_SPI_DeInit
                0x00000000080027b0       0x2a BlueNRG_MS/Target/hci_tl_interface.o
                0x00000000080027b0                HCI_TL_SPI_DeInit
 .text.HCI_TL_SPI_Reset
                0x00000000080027da       0x3e BlueNRG_MS/Target/hci_tl_interface.o
                0x00000000080027da                HCI_TL_SPI_Reset
 .text.HCI_TL_SPI_Receive
                0x0000000008002818       0xb4 BlueNRG_MS/Target/hci_tl_interface.o
                0x0000000008002818                HCI_TL_SPI_Receive
 .text.HCI_TL_SPI_Send
                0x00000000080028cc       0xa8 BlueNRG_MS/Target/hci_tl_interface.o
                0x00000000080028cc                HCI_TL_SPI_Send
 .text.IsDataAvailable
                0x0000000008002974       0x1e BlueNRG_MS/Target/hci_tl_interface.o
 *fill*         0x0000000008002992        0x2 
 .text.hci_tl_lowlevel_init
                0x0000000008002994       0x74 BlueNRG_MS/Target/hci_tl_interface.o
                0x0000000008002994                hci_tl_lowlevel_init
 .text.hci_tl_lowlevel_isr
                0x0000000008002a08       0x22 BlueNRG_MS/Target/hci_tl_interface.o
                0x0000000008002a08                hci_tl_lowlevel_isr
 *fill*         0x0000000008002a2a        0x2 
 .text.MX_ADC1_Init
                0x0000000008002a2c       0xec Core/Src/adc.o
                0x0000000008002a2c                MX_ADC1_Init
 .text.MX_ADC2_Init
                0x0000000008002b18       0xc8 Core/Src/adc.o
                0x0000000008002b18                MX_ADC2_Init
 .text.HAL_ADC_MspInit
                0x0000000008002be0      0x164 Core/Src/adc.o
                0x0000000008002be0                HAL_ADC_MspInit
 .text.MX_GPIO_Init
                0x0000000008002d44      0x110 Core/Src/gpio.o
                0x0000000008002d44                MX_GPIO_Init
 .text.MX_I2C1_Init
                0x0000000008002e54       0x80 Core/Src/i2c.o
                0x0000000008002e54                MX_I2C1_Init
 .text.HAL_I2C_MspInit
                0x0000000008002ed4       0x88 Core/Src/i2c.o
                0x0000000008002ed4                HAL_I2C_MspInit
 .text.lcd_init
                0x0000000008002f5c       0x80 Core/Src/lcd_i2c.o
                0x0000000008002f5c                lcd_init
 .text.lcd_write
                0x0000000008002fdc       0x8c Core/Src/lcd_i2c.o
                0x0000000008002fdc                lcd_write
 .text.lcd_display
                0x0000000008003068       0xa8 Core/Src/lcd_i2c.o
                0x0000000008003068                lcd_display
 .text.lcd_clear
                0x0000000008003110       0x30 Core/Src/lcd_i2c.o
                0x0000000008003110                lcd_clear
 .text.__NVIC_EnableIRQ
                0x0000000008003140       0x3c Core/Src/main.o
 *fill*         0x000000000800317c        0x4 
 .text.Neopixel_setup
                0x0000000008003180      0x22c Core/Src/main.o
                0x0000000008003180                Neopixel_setup
 .text.show_neopixels
                0x00000000080033ac       0x48 Core/Src/main.o
                0x00000000080033ac                show_neopixels
 .text.set_colour
                0x00000000080033f4      0x1a8 Core/Src/main.o
                0x00000000080033f4                set_colour
 *fill*         0x000000000800359c        0x4 
 .text.print_measurement
                0x00000000080035a0      0x174 Core/Src/main.o
                0x00000000080035a0                print_measurement
 .text.light_correctness
                0x0000000008003714       0x34 Core/Src/main.o
                0x0000000008003714                light_correctness
 .text.measurement_light
                0x0000000008003748       0x2e Core/Src/main.o
                0x0000000008003748                measurement_light
 *fill*         0x0000000008003776        0x2 
 .text.main     0x0000000008003778      0x150 Core/Src/main.o
                0x0000000008003778                main
 .text.SystemClock_Config
                0x00000000080038c8      0x114 Core/Src/main.o
                0x00000000080038c8                SystemClock_Config
 .text.TIM4_IRQHandler
                0x00000000080039dc       0xc4 Core/Src/main.o
                0x00000000080039dc                TIM4_IRQHandler
 .text.Error_Handler
                0x0000000008003aa0        0x8 Core/Src/main.o
                0x0000000008003aa0                Error_Handler
 .text.HAL_MspInit
                0x0000000008003aa8       0x48 Core/Src/stm32l4xx_hal_msp.o
                0x0000000008003aa8                HAL_MspInit
 .text.NMI_Handler
                0x0000000008003af0        0x6 Core/Src/stm32l4xx_it.o
                0x0000000008003af0                NMI_Handler
 .text.HardFault_Handler
                0x0000000008003af6        0x6 Core/Src/stm32l4xx_it.o
                0x0000000008003af6                HardFault_Handler
 .text.MemManage_Handler
                0x0000000008003afc        0x6 Core/Src/stm32l4xx_it.o
                0x0000000008003afc                MemManage_Handler
 .text.BusFault_Handler
                0x0000000008003b02        0x6 Core/Src/stm32l4xx_it.o
                0x0000000008003b02                BusFault_Handler
 .text.UsageFault_Handler
                0x0000000008003b08        0x6 Core/Src/stm32l4xx_it.o
                0x0000000008003b08                UsageFault_Handler
 .text.SVC_Handler
                0x0000000008003b0e        0xe Core/Src/stm32l4xx_it.o
                0x0000000008003b0e                SVC_Handler
 .text.DebugMon_Handler
                0x0000000008003b1c        0xe Core/Src/stm32l4xx_it.o
                0x0000000008003b1c                DebugMon_Handler
 .text.PendSV_Handler
                0x0000000008003b2a        0xe Core/Src/stm32l4xx_it.o
                0x0000000008003b2a                PendSV_Handler
 .text.SysTick_Handler
                0x0000000008003b38        0xc Core/Src/stm32l4xx_it.o
                0x0000000008003b38                SysTick_Handler
 .text.EXTI0_IRQHandler
                0x0000000008003b44       0x14 Core/Src/stm32l4xx_it.o
                0x0000000008003b44                EXTI0_IRQHandler
 .text.EXTI15_10_IRQHandler
                0x0000000008003b58       0x1c Core/Src/stm32l4xx_it.o
                0x0000000008003b58                EXTI15_10_IRQHandler
 .text.BSP_SPI1_Init
                0x0000000008003b74       0x60 Core/Src/stm32l4xx_nucleo_bus.o
                0x0000000008003b74                BSP_SPI1_Init
 .text.BSP_SPI1_SendRecv
                0x0000000008003bd4       0x40 Core/Src/stm32l4xx_nucleo_bus.o
                0x0000000008003bd4                BSP_SPI1_SendRecv
 .text.BSP_GetTick
                0x0000000008003c14        0xe Core/Src/stm32l4xx_nucleo_bus.o
                0x0000000008003c14                BSP_GetTick
 *fill*         0x0000000008003c22        0x2 
 .text.MX_SPI1_Init
                0x0000000008003c24       0x84 Core/Src/stm32l4xx_nucleo_bus.o
                0x0000000008003c24                MX_SPI1_Init
 .text.SPI1_MspInit
                0x0000000008003ca8       0xc4 Core/Src/stm32l4xx_nucleo_bus.o
 .text._sbrk    0x0000000008003d6c       0x6c Core/Src/sysmem.o
                0x0000000008003d6c                _sbrk
 .text.SystemInit
                0x0000000008003dd8       0x6c Core/Src/system_stm32l4xx.o
                0x0000000008003dd8                SystemInit
 .text.MX_TIM4_Init
                0x0000000008003e44       0xf0 Core/Src/tim.o
                0x0000000008003e44                MX_TIM4_Init
 .text.HAL_TIM_Base_MspInit
                0x0000000008003f34       0x40 Core/Src/tim.o
                0x0000000008003f34                HAL_TIM_Base_MspInit
 .text.HAL_TIM_MspPostInit
                0x0000000008003f74       0x70 Core/Src/tim.o
                0x0000000008003f74                HAL_TIM_MspPostInit
 .text.Reset_Handler
                0x0000000008003fe4       0x50 Core/Startup/startup_stm32l476rgtx.o
                0x0000000008003fe4                Reset_Handler
 .text.Default_Handler
                0x0000000008004034        0x2 Core/Startup/startup_stm32l476rgtx.o
                0x0000000008004034                RTC_Alarm_IRQHandler
                0x0000000008004034                EXTI2_IRQHandler
                0x0000000008004034                TIM8_TRG_COM_IRQHandler
                0x0000000008004034                TIM8_CC_IRQHandler
                0x0000000008004034                TIM1_CC_IRQHandler
                0x0000000008004034                TSC_IRQHandler
                0x0000000008004034                TAMP_STAMP_IRQHandler
                0x0000000008004034                EXTI3_IRQHandler
                0x0000000008004034                LPTIM2_IRQHandler
                0x0000000008004034                DFSDM1_FLT1_IRQHandler
                0x0000000008004034                I2C3_ER_IRQHandler
                0x0000000008004034                DFSDM1_FLT2_IRQHandler
                0x0000000008004034                I2C2_EV_IRQHandler
                0x0000000008004034                CAN1_RX0_IRQHandler
                0x0000000008004034                FPU_IRQHandler
                0x0000000008004034                TIM1_UP_TIM16_IRQHandler
                0x0000000008004034                ADC1_2_IRQHandler
                0x0000000008004034                SPI1_IRQHandler
                0x0000000008004034                TIM6_DAC_IRQHandler
                0x0000000008004034                TIM8_UP_IRQHandler
                0x0000000008004034                DMA2_Channel2_IRQHandler
                0x0000000008004034                DMA1_Channel4_IRQHandler
                0x0000000008004034                SAI2_IRQHandler
                0x0000000008004034                DFSDM1_FLT3_IRQHandler
                0x0000000008004034                USART3_IRQHandler
                0x0000000008004034                DMA1_Channel7_IRQHandler
                0x0000000008004034                CAN1_RX1_IRQHandler
                0x0000000008004034                LCD_IRQHandler
                0x0000000008004034                UART5_IRQHandler
                0x0000000008004034                ADC3_IRQHandler
                0x0000000008004034                DMA2_Channel1_IRQHandler
                0x0000000008004034                QUADSPI_IRQHandler
                0x0000000008004034                I2C1_EV_IRQHandler
                0x0000000008004034                DMA1_Channel6_IRQHandler
                0x0000000008004034                UART4_IRQHandler
                0x0000000008004034                DMA2_Channel4_IRQHandler
                0x0000000008004034                TIM3_IRQHandler
                0x0000000008004034                RCC_IRQHandler
                0x0000000008004034                DMA1_Channel1_IRQHandler
                0x0000000008004034                Default_Handler
                0x0000000008004034                DMA2_Channel7_IRQHandler
                0x0000000008004034                TIM7_IRQHandler
                0x0000000008004034                SDMMC1_IRQHandler
                0x0000000008004034                TIM5_IRQHandler
                0x0000000008004034                I2C3_EV_IRQHandler
                0x0000000008004034                EXTI9_5_IRQHandler
                0x0000000008004034                RTC_WKUP_IRQHandler
                0x0000000008004034                PVD_PVM_IRQHandler
                0x0000000008004034                SPI2_IRQHandler
                0x0000000008004034                CAN1_TX_IRQHandler
                0x0000000008004034                DMA2_Channel5_IRQHandler
                0x0000000008004034                DMA1_Channel5_IRQHandler
                0x0000000008004034                EXTI4_IRQHandler
                0x0000000008004034                RNG_IRQHandler
                0x0000000008004034                TIM1_TRG_COM_TIM17_IRQHandler
                0x0000000008004034                DMA1_Channel3_IRQHandler
                0x0000000008004034                COMP_IRQHandler
                0x0000000008004034                WWDG_IRQHandler
                0x0000000008004034                LPUART1_IRQHandler
                0x0000000008004034                DMA2_Channel6_IRQHandler
                0x0000000008004034                TIM2_IRQHandler
                0x0000000008004034                EXTI1_IRQHandler
                0x0000000008004034                USART2_IRQHandler
                0x0000000008004034                DFSDM1_FLT0_IRQHandler
                0x0000000008004034                I2C2_ER_IRQHandler
                0x0000000008004034                DMA1_Channel2_IRQHandler
                0x0000000008004034                TIM8_BRK_IRQHandler
                0x0000000008004034                CAN1_SCE_IRQHandler
                0x0000000008004034                FLASH_IRQHandler
                0x0000000008004034                USART1_IRQHandler
                0x0000000008004034                OTG_FS_IRQHandler
                0x0000000008004034                SPI3_IRQHandler
                0x0000000008004034                I2C1_ER_IRQHandler
                0x0000000008004034                FMC_IRQHandler
                0x0000000008004034                SWPMI1_IRQHandler
                0x0000000008004034                LPTIM1_IRQHandler
                0x0000000008004034                SAI1_IRQHandler
                0x0000000008004034                DMA2_Channel3_IRQHandler
                0x0000000008004034                TIM1_BRK_TIM15_IRQHandler
 *fill*         0x0000000008004036        0x2 
 .text.BSP_LED_Init
                0x0000000008004038       0x24 Drivers/BSP/STM32L4xx_Nucleo/stm32l4xx_nucleo.o
                0x0000000008004038                BSP_LED_Init
 .text.BSP_LED_Toggle
                0x000000000800405c       0x2c Drivers/BSP/STM32L4xx_Nucleo/stm32l4xx_nucleo.o
                0x000000000800405c                BSP_LED_Toggle
 .text.LED_USER_GPIO_Init
                0x0000000008004088        0xe Drivers/BSP/STM32L4xx_Nucleo/stm32l4xx_nucleo.o
 *fill*         0x0000000008004096        0x2 
 .text.BSP_PB_Init
                0x0000000008004098       0xa8 Drivers/BSP/STM32L4xx_Nucleo/stm32l4xx_nucleo.o
                0x0000000008004098                BSP_PB_Init
 .text.BSP_PB_GetState
                0x0000000008004140       0x38 Drivers/BSP/STM32L4xx_Nucleo/stm32l4xx_nucleo.o
                0x0000000008004140                BSP_PB_GetState
 .text.BUTTON_USER_EXTI_Callback
                0x0000000008004178        0xe Drivers/BSP/STM32L4xx_Nucleo/stm32l4xx_nucleo.o
 .text.BUTTON_USER_GPIO_Init
                0x0000000008004186        0xe Drivers/BSP/STM32L4xx_Nucleo/stm32l4xx_nucleo.o
 .text.BSP_COM_Init
                0x0000000008004194       0x68 Drivers/BSP/STM32L4xx_Nucleo/stm32l4xx_nucleo.o
                0x0000000008004194                BSP_COM_Init
 .text.MX_USART2_UART_Init
                0x00000000080041fc       0x68 Drivers/BSP/STM32L4xx_Nucleo/stm32l4xx_nucleo.o
                0x00000000080041fc                MX_USART2_UART_Init
 .text.USART2_MspInit
                0x0000000008004264       0x88 Drivers/BSP/STM32L4xx_Nucleo/stm32l4xx_nucleo.o
 .text.HAL_Init
                0x00000000080042ec       0x40 Drivers/STM32L4xx_HAL_Driver/Src/stm32l4xx_hal.o
                0x00000000080042ec                HAL_Init
 .text.HAL_InitTick
                0x000000000800432c       0x78 Drivers/STM32L4xx_HAL_Driver/Src/stm32l4xx_hal.o
                0x000000000800432c                HAL_InitTick
 .text.HAL_IncTick
                0x00000000080043a4       0x28 Drivers/STM32L4xx_HAL_Driver/Src/stm32l4xx_hal.o
                0x00000000080043a4                HAL_IncTick
 .text.HAL_GetTick
                0x00000000080043cc       0x18 Drivers/STM32L4xx_HAL_Driver/Src/stm32l4xx_hal.o
                0x00000000080043cc                HAL_GetTick
 .text.HAL_Delay
                0x00000000080043e4       0x44 Drivers/STM32L4xx_HAL_Driver/Src/stm32l4xx_hal.o
                0x00000000080043e4                HAL_Delay
 .text.LL_ADC_SetCommonClock
                0x0000000008004428       0x26 Drivers/STM32L4xx_HAL_Driver/Src/stm32l4xx_hal_adc.o
 .text.LL_ADC_SetCommonPathInternalCh
                0x000000000800444e       0x26 Drivers/STM32L4xx_HAL_Driver/Src/stm32l4xx_hal_adc.o
 .text.LL_ADC_GetCommonPathInternalCh
                0x0000000008004474       0x1c Drivers/STM32L4xx_HAL_Driver/Src/stm32l4xx_hal_adc.o
 .text.LL_ADC_SetOffset
                0x0000000008004490       0x48 Drivers/STM32L4xx_HAL_Driver/Src/stm32l4xx_hal_adc.o
 .text.LL_ADC_GetOffsetChannel
                0x00000000080044d8       0x2c Drivers/STM32L4xx_HAL_Driver/Src/stm32l4xx_hal_adc.o
 .text.LL_ADC_SetOffsetState
                0x0000000008004504       0x36 Drivers/STM32L4xx_HAL_Driver/Src/stm32l4xx_hal_adc.o
 .text.LL_ADC_REG_IsTriggerSourceSWStart
                0x000000000800453a       0x26 Drivers/STM32L4xx_HAL_Driver/Src/stm32l4xx_hal_adc.o
 .text.LL_ADC_REG_SetSequencerRanks
                0x0000000008004560       0x58 Drivers/STM32L4xx_HAL_Driver/Src/stm32l4xx_hal_adc.o
 .text.LL_ADC_SetChannelSamplingTime
                0x00000000080045b8       0x56 Drivers/STM32L4xx_HAL_Driver/Src/stm32l4xx_hal_adc.o
 *fill*         0x000000000800460e        0x2 
 .text.LL_ADC_SetChannelSingleDiff
                0x0000000008004610       0x48 Drivers/STM32L4xx_HAL_Driver/Src/stm32l4xx_hal_adc.o
 .text.LL_ADC_GetMultimode
                0x0000000008004658       0x1c Drivers/STM32L4xx_HAL_Driver/Src/stm32l4xx_hal_adc.o
 .text.LL_ADC_GetMultiDMATransfer
                0x0000000008004674       0x1c Drivers/STM32L4xx_HAL_Driver/Src/stm32l4xx_hal_adc.o
 .text.LL_ADC_DisableDeepPowerDown
                0x0000000008004690       0x24 Drivers/STM32L4xx_HAL_Driver/Src/stm32l4xx_hal_adc.o
 .text.LL_ADC_IsDeepPowerDownEnabled
                0x00000000080046b4       0x28 Drivers/STM32L4xx_HAL_Driver/Src/stm32l4xx_hal_adc.o
 .text.LL_ADC_EnableInternalRegulator
                0x00000000080046dc       0x28 Drivers/STM32L4xx_HAL_Driver/Src/stm32l4xx_hal_adc.o
 .text.LL_ADC_IsInternalRegulatorEnabled
                0x0000000008004704       0x28 Drivers/STM32L4xx_HAL_Driver/Src/stm32l4xx_hal_adc.o
 .text.LL_ADC_Enable
                0x000000000800472c       0x28 Drivers/STM32L4xx_HAL_Driver/Src/stm32l4xx_hal_adc.o
 .text.LL_ADC_IsEnabled
                0x0000000008004754       0x26 Drivers/STM32L4xx_HAL_Driver/Src/stm32l4xx_hal_adc.o
 .text.LL_ADC_REG_StartConversion
                0x000000000800477a       0x28 Drivers/STM32L4xx_HAL_Driver/Src/stm32l4xx_hal_adc.o
 .text.LL_ADC_REG_IsConversionOngoing
                0x00000000080047a2       0x26 Drivers/STM32L4xx_HAL_Driver/Src/stm32l4xx_hal_adc.o
 .text.LL_ADC_INJ_IsConversionOngoing
                0x00000000080047c8       0x26 Drivers/STM32L4xx_HAL_Driver/Src/stm32l4xx_hal_adc.o
 *fill*         0x00000000080047ee        0x2 
 .text.HAL_ADC_Init
                0x00000000080047f0      0x2a8 Drivers/STM32L4xx_HAL_Driver/Src/stm32l4xx_hal_adc.o
                0x00000000080047f0                HAL_ADC_Init
 .text.HAL_ADC_Start
                0x0000000008004a98      0x174 Drivers/STM32L4xx_HAL_Driver/Src/stm32l4xx_hal_adc.o
                0x0000000008004a98                HAL_ADC_Start
 .text.HAL_ADC_PollForConversion
                0x0000000008004c0c      0x1a0 Drivers/STM32L4xx_HAL_Driver/Src/stm32l4xx_hal_adc.o
                0x0000000008004c0c                HAL_ADC_PollForConversion
 .text.HAL_ADC_GetValue
                0x0000000008004dac       0x1a Drivers/STM32L4xx_HAL_Driver/Src/stm32l4xx_hal_adc.o
                0x0000000008004dac                HAL_ADC_GetValue
 *fill*         0x0000000008004dc6        0x2 
 .text.HAL_ADC_ConfigChannel
                0x0000000008004dc8      0x7dc Drivers/STM32L4xx_HAL_Driver/Src/stm32l4xx_hal_adc.o
                0x0000000008004dc8                HAL_ADC_ConfigChannel
 .text.ADC_Enable
                0x00000000080055a4       0xb4 Drivers/STM32L4xx_HAL_Driver/Src/stm32l4xx_hal_adc.o
                0x00000000080055a4                ADC_Enable
 .text.LL_ADC_IsEnabled
                0x0000000008005658       0x26 Drivers/STM32L4xx_HAL_Driver/Src/stm32l4xx_hal_adc_ex.o
 .text.LL_ADC_REG_IsConversionOngoing
                0x000000000800567e       0x26 Drivers/STM32L4xx_HAL_Driver/Src/stm32l4xx_hal_adc_ex.o
 .text.HAL_ADCEx_MultiModeConfigChannel
                0x00000000080056a4      0x158 Drivers/STM32L4xx_HAL_Driver/Src/stm32l4xx_hal_adc_ex.o
                0x00000000080056a4                HAL_ADCEx_MultiModeConfigChannel
 .text.__NVIC_SetPriorityGrouping
                0x00000000080057fc       0x48 Drivers/STM32L4xx_HAL_Driver/Src/stm32l4xx_hal_cortex.o
 .text.__NVIC_GetPriorityGrouping
                0x0000000008005844       0x1c Drivers/STM32L4xx_HAL_Driver/Src/stm32l4xx_hal_cortex.o
 .text.__NVIC_EnableIRQ
                0x0000000008005860       0x3c Drivers/STM32L4xx_HAL_Driver/Src/stm32l4xx_hal_cortex.o
 .text.__NVIC_SetPriority
                0x000000000800589c       0x54 Drivers/STM32L4xx_HAL_Driver/Src/stm32l4xx_hal_cortex.o
 .text.NVIC_EncodePriority
                0x00000000080058f0       0x66 Drivers/STM32L4xx_HAL_Driver/Src/stm32l4xx_hal_cortex.o
 *fill*         0x0000000008005956        0x2 
 .text.SysTick_Config
                0x0000000008005958       0x44 Drivers/STM32L4xx_HAL_Driver/Src/stm32l4xx_hal_cortex.o
 .text.HAL_NVIC_SetPriorityGrouping
                0x000000000800599c       0x16 Drivers/STM32L4xx_HAL_Driver/Src/stm32l4xx_hal_cortex.o
                0x000000000800599c                HAL_NVIC_SetPriorityGrouping
 .text.HAL_NVIC_SetPriority
                0x00000000080059b2       0x38 Drivers/STM32L4xx_HAL_Driver/Src/stm32l4xx_hal_cortex.o
                0x00000000080059b2                HAL_NVIC_SetPriority
 .text.HAL_NVIC_EnableIRQ
                0x00000000080059ea       0x1c Drivers/STM32L4xx_HAL_Driver/Src/stm32l4xx_hal_cortex.o
                0x00000000080059ea                HAL_NVIC_EnableIRQ
 .text.HAL_SYSTICK_Config
                0x0000000008005a06       0x18 Drivers/STM32L4xx_HAL_Driver/Src/stm32l4xx_hal_cortex.o
                0x0000000008005a06                HAL_SYSTICK_Config
 .text.HAL_EXTI_RegisterCallback
                0x0000000008005a1e       0x34 Drivers/STM32L4xx_HAL_Driver/Src/stm32l4xx_hal_exti.o
                0x0000000008005a1e                HAL_EXTI_RegisterCallback
 .text.HAL_EXTI_GetHandle
                0x0000000008005a52       0x28 Drivers/STM32L4xx_HAL_Driver/Src/stm32l4xx_hal_exti.o
                0x0000000008005a52                HAL_EXTI_GetHandle
 *fill*         0x0000000008005a7a        0x2 
 .text.HAL_EXTI_IRQHandler
                0x0000000008005a7c       0x60 Drivers/STM32L4xx_HAL_Driver/Src/stm32l4xx_hal_exti.o
                0x0000000008005a7c                HAL_EXTI_IRQHandler
 .text.HAL_GPIO_Init
                0x0000000008005adc      0x350 Drivers/STM32L4xx_HAL_Driver/Src/stm32l4xx_hal_gpio.o
                0x0000000008005adc                HAL_GPIO_Init
 .text.HAL_GPIO_DeInit
                0x0000000008005e2c      0x1e8 Drivers/STM32L4xx_HAL_Driver/Src/stm32l4xx_hal_gpio.o
                0x0000000008005e2c                HAL_GPIO_DeInit
 .text.HAL_GPIO_ReadPin
                0x0000000008006014       0x30 Drivers/STM32L4xx_HAL_Driver/Src/stm32l4xx_hal_gpio.o
                0x0000000008006014                HAL_GPIO_ReadPin
 .text.HAL_GPIO_WritePin
                0x0000000008006044       0x30 Drivers/STM32L4xx_HAL_Driver/Src/stm32l4xx_hal_gpio.o
                0x0000000008006044                HAL_GPIO_WritePin
 .text.HAL_GPIO_TogglePin
                0x0000000008006074       0x34 Drivers/STM32L4xx_HAL_Driver/Src/stm32l4xx_hal_gpio.o
                0x0000000008006074                HAL_GPIO_TogglePin
 .text.HAL_GPIO_EXTI_IRQHandler
                0x00000000080060a8       0x30 Drivers/STM32L4xx_HAL_Driver/Src/stm32l4xx_hal_gpio.o
                0x00000000080060a8                HAL_GPIO_EXTI_IRQHandler
 .text.HAL_GPIO_EXTI_Callback
                0x00000000080060d8       0x16 Drivers/STM32L4xx_HAL_Driver/Src/stm32l4xx_hal_gpio.o
                0x00000000080060d8                HAL_GPIO_EXTI_Callback
 .text.HAL_I2C_Init
                0x00000000080060ee      0x11e Drivers/STM32L4xx_HAL_Driver/Src/stm32l4xx_hal_i2c.o
                0x00000000080060ee                HAL_I2C_Init
 .text.HAL_I2C_Master_Transmit
                0x000000000800620c      0x1e8 Drivers/STM32L4xx_HAL_Driver/Src/stm32l4xx_hal_i2c.o
                0x000000000800620c                HAL_I2C_Master_Transmit
 .text.I2C_Flush_TXDR
                0x00000000080063f4       0x48 Drivers/STM32L4xx_HAL_Driver/Src/stm32l4xx_hal_i2c.o
 .text.I2C_WaitOnFlagUntilTimeout
                0x000000000800643c       0x80 Drivers/STM32L4xx_HAL_Driver/Src/stm32l4xx_hal_i2c.o
 .text.I2C_WaitOnTXISFlagUntilTimeout
                0x00000000080064bc       0x80 Drivers/STM32L4xx_HAL_Driver/Src/stm32l4xx_hal_i2c.o
 .text.I2C_WaitOnSTOPFlagUntilTimeout
                0x000000000800653c       0x78 Drivers/STM32L4xx_HAL_Driver/Src/stm32l4xx_hal_i2c.o
 .text.I2C_IsAcknowledgeFailed
                0x00000000080065b4       0xcc Drivers/STM32L4xx_HAL_Driver/Src/stm32l4xx_hal_i2c.o
 .text.I2C_TransferConfig
                0x0000000008006680       0x5c Drivers/STM32L4xx_HAL_Driver/Src/stm32l4xx_hal_i2c.o
 .text.HAL_I2CEx_ConfigAnalogFilter
                0x00000000080066dc       0x96 Drivers/STM32L4xx_HAL_Driver/Src/stm32l4xx_hal_i2c_ex.o
                0x00000000080066dc                HAL_I2CEx_ConfigAnalogFilter
 .text.HAL_I2CEx_ConfigDigitalFilter
                0x0000000008006772       0x98 Drivers/STM32L4xx_HAL_Driver/Src/stm32l4xx_hal_i2c_ex.o
                0x0000000008006772                HAL_I2CEx_ConfigDigitalFilter
 *fill*         0x000000000800680a        0x2 
 .text.HAL_PWREx_GetVoltageRange
                0x000000000800680c       0x1c Drivers/STM32L4xx_HAL_Driver/Src/stm32l4xx_hal_pwr_ex.o
                0x000000000800680c                HAL_PWREx_GetVoltageRange
 .text.HAL_PWREx_ControlVoltageScaling
                0x0000000008006828       0xac Drivers/STM32L4xx_HAL_Driver/Src/stm32l4xx_hal_pwr_ex.o
                0x0000000008006828                HAL_PWREx_ControlVoltageScaling
 .text.HAL_RCC_OscConfig
                0x00000000080068d4      0x7cc Drivers/STM32L4xx_HAL_Driver/Src/stm32l4xx_hal_rcc.o
                0x00000000080068d4                HAL_RCC_OscConfig
 .text.HAL_RCC_ClockConfig
                0x00000000080070a0      0x1c4 Drivers/STM32L4xx_HAL_Driver/Src/stm32l4xx_hal_rcc.o
                0x00000000080070a0                HAL_RCC_ClockConfig
 .text.HAL_RCC_GetSysClockFreq
                0x0000000008007264      0x114 Drivers/STM32L4xx_HAL_Driver/Src/stm32l4xx_hal_rcc.o
                0x0000000008007264                HAL_RCC_GetSysClockFreq
 .text.HAL_RCC_GetHCLKFreq
                0x0000000008007378       0x18 Drivers/STM32L4xx_HAL_Driver/Src/stm32l4xx_hal_rcc.o
                0x0000000008007378                HAL_RCC_GetHCLKFreq
 .text.HAL_RCC_GetPCLK1Freq
                0x0000000008007390       0x2c Drivers/STM32L4xx_HAL_Driver/Src/stm32l4xx_hal_rcc.o
                0x0000000008007390                HAL_RCC_GetPCLK1Freq
 .text.HAL_RCC_GetPCLK2Freq
                0x00000000080073bc       0x2c Drivers/STM32L4xx_HAL_Driver/Src/stm32l4xx_hal_rcc.o
                0x00000000080073bc                HAL_RCC_GetPCLK2Freq
 .text.RCC_SetFlashLatencyFromMSIRange
                0x00000000080073e8       0xc0 Drivers/STM32L4xx_HAL_Driver/Src/stm32l4xx_hal_rcc.o
 .text.HAL_RCCEx_PeriphCLKConfig
                0x00000000080074a8      0x5cc Drivers/STM32L4xx_HAL_Driver/Src/stm32l4xx_hal_rcc_ex.o
                0x00000000080074a8                HAL_RCCEx_PeriphCLKConfig
 .text.RCCEx_PLLSAI1_Config
                0x0000000008007a74      0x1e0 Drivers/STM32L4xx_HAL_Driver/Src/stm32l4xx_hal_rcc_ex.o
 .text.RCCEx_PLLSAI2_Config
                0x0000000008007c54      0x1b4 Drivers/STM32L4xx_HAL_Driver/Src/stm32l4xx_hal_rcc_ex.o
 .text.HAL_SPI_Init
                0x0000000008007e08      0x146 Drivers/STM32L4xx_HAL_Driver/Src/stm32l4xx_hal_spi.o
                0x0000000008007e08                HAL_SPI_Init
 .text.HAL_SPI_MspInit
                0x0000000008007f4e       0x14 Drivers/STM32L4xx_HAL_Driver/Src/stm32l4xx_hal_spi.o
                0x0000000008007f4e                HAL_SPI_MspInit
 .text.HAL_SPI_TransmitReceive
                0x0000000008007f62      0x426 Drivers/STM32L4xx_HAL_Driver/Src/stm32l4xx_hal_spi.o
                0x0000000008007f62                HAL_SPI_TransmitReceive
 .text.HAL_SPI_GetState
                0x0000000008008388       0x1c Drivers/STM32L4xx_HAL_Driver/Src/stm32l4xx_hal_spi.o
                0x0000000008008388                HAL_SPI_GetState
 .text.SPI_WaitFlagStateUntilTimeout
                0x00000000080083a4      0x110 Drivers/STM32L4xx_HAL_Driver/Src/stm32l4xx_hal_spi.o
 .text.SPI_WaitFifoStateUntilTimeout
                0x00000000080084b4      0x11c Drivers/STM32L4xx_HAL_Driver/Src/stm32l4xx_hal_spi.o
 .text.SPI_EndRxTxTransaction
                0x00000000080085d0       0x8c Drivers/STM32L4xx_HAL_Driver/Src/stm32l4xx_hal_spi.o
 .text.HAL_TIM_Base_Init
                0x000000000800865c       0xae Drivers/STM32L4xx_HAL_Driver/Src/stm32l4xx_hal_tim.o
                0x000000000800865c                HAL_TIM_Base_Init
 .text.HAL_TIM_PWM_Init
                0x000000000800870a       0xae Drivers/STM32L4xx_HAL_Driver/Src/stm32l4xx_hal_tim.o
                0x000000000800870a                HAL_TIM_PWM_Init
 .text.HAL_TIM_PWM_MspInit
                0x00000000080087b8       0x14 Drivers/STM32L4xx_HAL_Driver/Src/stm32l4xx_hal_tim.o
                0x00000000080087b8                HAL_TIM_PWM_MspInit
 .text.HAL_TIM_PWM_ConfigChannel
                0x00000000080087cc      0x220 Drivers/STM32L4xx_HAL_Driver/Src/stm32l4xx_hal_tim.o
                0x00000000080087cc                HAL_TIM_PWM_ConfigChannel
 .text.HAL_TIM_ConfigClockSource
                0x00000000080089ec      0x172 Drivers/STM32L4xx_HAL_Driver/Src/stm32l4xx_hal_tim.o
                0x00000000080089ec                HAL_TIM_ConfigClockSource
 *fill*         0x0000000008008b5e        0x2 
 .text.TIM_Base_SetConfig
                0x0000000008008b60      0x134 Drivers/STM32L4xx_HAL_Driver/Src/stm32l4xx_hal_tim.o
                0x0000000008008b60                TIM_Base_SetConfig
 .text.TIM_OC1_SetConfig
                0x0000000008008c94      0x120 Drivers/STM32L4xx_HAL_Driver/Src/stm32l4xx_hal_tim.o
 .text.TIM_OC2_SetConfig
                0x0000000008008db4      0x114 Drivers/STM32L4xx_HAL_Driver/Src/stm32l4xx_hal_tim.o
                0x0000000008008db4                TIM_OC2_SetConfig
 .text.TIM_OC3_SetConfig
                0x0000000008008ec8      0x110 Drivers/STM32L4xx_HAL_Driver/Src/stm32l4xx_hal_tim.o
 .text.TIM_OC4_SetConfig
                0x0000000008008fd8       0xd4 Drivers/STM32L4xx_HAL_Driver/Src/stm32l4xx_hal_tim.o
 .text.TIM_OC5_SetConfig
                0x00000000080090ac       0xc8 Drivers/STM32L4xx_HAL_Driver/Src/stm32l4xx_hal_tim.o
 .text.TIM_OC6_SetConfig
                0x0000000008009174       0xcc Drivers/STM32L4xx_HAL_Driver/Src/stm32l4xx_hal_tim.o
 .text.TIM_TI1_ConfigInputStage
                0x0000000008009240       0x5e Drivers/STM32L4xx_HAL_Driver/Src/stm32l4xx_hal_tim.o
 .text.TIM_TI2_ConfigInputStage
                0x000000000800929e       0x60 Drivers/STM32L4xx_HAL_Driver/Src/stm32l4xx_hal_tim.o
 .text.TIM_ITRx_SetConfig
                0x00000000080092fe       0x36 Drivers/STM32L4xx_HAL_Driver/Src/stm32l4xx_hal_tim.o
 .text.TIM_ETR_SetConfig
                0x0000000008009334       0x40 Drivers/STM32L4xx_HAL_Driver/Src/stm32l4xx_hal_tim.o
                0x0000000008009334                TIM_ETR_SetConfig
 .text.HAL_TIMEx_MasterConfigSynchronization
                0x0000000008009374      0x110 Drivers/STM32L4xx_HAL_Driver/Src/stm32l4xx_hal_tim_ex.o
                0x0000000008009374                HAL_TIMEx_MasterConfigSynchronization
 .text.HAL_UART_Init
                0x0000000008009484       0x9c Drivers/STM32L4xx_HAL_Driver/Src/stm32l4xx_hal_uart.o
                0x0000000008009484                HAL_UART_Init
 .text.HAL_UART_MspInit
                0x0000000008009520       0x14 Drivers/STM32L4xx_HAL_Driver/Src/stm32l4xx_hal_uart.o
                0x0000000008009520                HAL_UART_MspInit
 .text.UART_SetConfig
                0x0000000008009534      0x514 Drivers/STM32L4xx_HAL_Driver/Src/stm32l4xx_hal_uart.o
                0x0000000008009534                UART_SetConfig
 .text.UART_AdvFeatureConfig
                0x0000000008009a48      0x144 Drivers/STM32L4xx_HAL_Driver/Src/stm32l4xx_hal_uart.o
                0x0000000008009a48                UART_AdvFeatureConfig
 .text.UART_CheckIdleState
                0x0000000008009b8c       0x8a Drivers/STM32L4xx_HAL_Driver/Src/stm32l4xx_hal_uart.o
                0x0000000008009b8c                UART_CheckIdleState
 .text.UART_WaitOnFlagUntilTimeout
                0x0000000008009c16       0xf6 Drivers/STM32L4xx_HAL_Driver/Src/stm32l4xx_hal_uart.o
                0x0000000008009c16                UART_WaitOnFlagUntilTimeout
 .text.aci_gap_init_IDB05A1
                0x0000000008009d0c       0xa0 Middlewares/ST/BlueNRG-MS/hci/controller/bluenrg_gap_aci.o
                0x0000000008009d0c                aci_gap_init_IDB05A1
 .text.aci_gap_init_IDB04A1
                0x0000000008009dac       0x94 Middlewares/ST/BlueNRG-MS/hci/controller/bluenrg_gap_aci.o
                0x0000000008009dac                aci_gap_init_IDB04A1
 .text.aci_gap_set_discoverable
                0x0000000008009e40      0x1de Middlewares/ST/BlueNRG-MS/hci/controller/bluenrg_gap_aci.o
                0x0000000008009e40                aci_gap_set_discoverable
 .text.aci_gap_set_auth_requirement
                0x000000000800a01e       0xae Middlewares/ST/BlueNRG-MS/hci/controller/bluenrg_gap_aci.o
                0x000000000800a01e                aci_gap_set_auth_requirement
 .text.aci_gap_update_adv_data
                0x000000000800a0cc       0xa4 Middlewares/ST/BlueNRG-MS/hci/controller/bluenrg_gap_aci.o
                0x000000000800a0cc                aci_gap_update_adv_data
 .text.aci_gatt_init
                0x000000000800a170       0x46 Middlewares/ST/BlueNRG-MS/hci/controller/bluenrg_gatt_aci.o
                0x000000000800a170                aci_gatt_init
 .text.aci_gatt_add_serv
                0x000000000800a1b6      0x118 Middlewares/ST/BlueNRG-MS/hci/controller/bluenrg_gatt_aci.o
                0x000000000800a1b6                aci_gatt_add_serv
 .text.aci_gatt_add_char
                0x000000000800a2ce      0x1a4 Middlewares/ST/BlueNRG-MS/hci/controller/bluenrg_gatt_aci.o
                0x000000000800a2ce                aci_gatt_add_char
 .text.aci_gatt_update_char_value
                0x000000000800a472      0x126 Middlewares/ST/BlueNRG-MS/hci/controller/bluenrg_gatt_aci.o
                0x000000000800a472                aci_gatt_update_char_value
 .text.aci_gatt_allow_read
                0x000000000800a598       0x5a Middlewares/ST/BlueNRG-MS/hci/controller/bluenrg_gatt_aci.o
                0x000000000800a598                aci_gatt_allow_read
 .text.aci_hal_read_config_data
                0x000000000800a5f2       0xa6 Middlewares/ST/BlueNRG-MS/hci/controller/bluenrg_hal_aci.o
                0x000000000800a5f2                aci_hal_read_config_data
 .text.aci_hal_set_tx_power_level
                0x000000000800a698       0x62 Middlewares/ST/BlueNRG-MS/hci/controller/bluenrg_hal_aci.o
                0x000000000800a698                aci_hal_set_tx_power_level
 .text.getBlueNRGVersion
                0x000000000800a6fa       0x88 Middlewares/ST/BlueNRG-MS/hci/controller/bluenrg_utils_small.o
                0x000000000800a6fa                getBlueNRGVersion
 .text.hci_reset
                0x000000000800a782       0x44 Middlewares/ST/BlueNRG-MS/hci/hci_le.o
                0x000000000800a782                hci_reset
 .text.hci_le_read_local_version
                0x000000000800a7c6       0x94 Middlewares/ST/BlueNRG-MS/hci/hci_le.o
                0x000000000800a7c6                hci_le_read_local_version
 .text.hci_le_set_scan_resp_data
                0x000000000800a85a       0x82 Middlewares/ST/BlueNRG-MS/hci/hci_le.o
                0x000000000800a85a                hci_le_set_scan_resp_data
 .text.verify_packet
                0x000000000800a8dc       0x40 Middlewares/ST/BlueNRG-MS/hci/hci_tl_patterns/Basic/hci_tl.o
 .text.send_cmd
                0x000000000800a91c       0x80 Middlewares/ST/BlueNRG-MS/hci/hci_tl_patterns/Basic/hci_tl.o
 .text.move_list
                0x000000000800a99c       0x36 Middlewares/ST/BlueNRG-MS/hci/hci_tl_patterns/Basic/hci_tl.o
 *fill*         0x000000000800a9d2        0x2 
 .text.free_event_list
                0x000000000800a9d4       0x38 Middlewares/ST/BlueNRG-MS/hci/hci_tl_patterns/Basic/hci_tl.o
 .text.hci_init
                0x000000000800aa0c       0x84 Middlewares/ST/BlueNRG-MS/hci/hci_tl_patterns/Basic/hci_tl.o
                0x000000000800aa0c                hci_init
 .text.hci_register_io_bus
                0x000000000800aa90       0x40 Middlewares/ST/BlueNRG-MS/hci/hci_tl_patterns/Basic/hci_tl.o
                0x000000000800aa90                hci_register_io_bus
 .text.hci_send_req
                0x000000000800aad0      0x230 Middlewares/ST/BlueNRG-MS/hci/hci_tl_patterns/Basic/hci_tl.o
                0x000000000800aad0                hci_send_req
 .text.hci_user_evt_proc
                0x000000000800ad00       0x54 Middlewares/ST/BlueNRG-MS/hci/hci_tl_patterns/Basic/hci_tl.o
                0x000000000800ad00                hci_user_evt_proc
 .text.hci_notify_asynch_evt
                0x000000000800ad54       0x9c Middlewares/ST/BlueNRG-MS/hci/hci_tl_patterns/Basic/hci_tl.o
                0x000000000800ad54                hci_notify_asynch_evt
 .text.list_init_head
                0x000000000800adf0       0x20 Middlewares/ST/BlueNRG-MS/utils/ble_list.o
                0x000000000800adf0                list_init_head
 .text.list_is_empty
                0x000000000800ae10       0x40 Middlewares/ST/BlueNRG-MS/utils/ble_list.o
                0x000000000800ae10                list_is_empty
 .text.list_insert_head
                0x000000000800ae50       0x48 Middlewares/ST/BlueNRG-MS/utils/ble_list.o
                0x000000000800ae50                list_insert_head
 .text.list_insert_tail
                0x000000000800ae98       0x48 Middlewares/ST/BlueNRG-MS/utils/ble_list.o
                0x000000000800ae98                list_insert_tail
 .text.list_remove_node
                0x000000000800aee0       0x3e Middlewares/ST/BlueNRG-MS/utils/ble_list.o
                0x000000000800aee0                list_remove_node
 .text.list_remove_head
                0x000000000800af1e       0x4a Middlewares/ST/BlueNRG-MS/utils/ble_list.o
                0x000000000800af1e                list_remove_head
 .text.list_remove_tail
                0x000000000800af68       0x4a Middlewares/ST/BlueNRG-MS/utils/ble_list.o
                0x000000000800af68                list_remove_tail
 .text.list_get_size
                0x000000000800afb2       0x4c Middlewares/ST/BlueNRG-MS/utils/ble_list.o
                0x000000000800afb2                list_get_size
 *fill*         0x000000000800affe        0x2 
 .text.__errno  0x000000000800b000        0xc c:/st/stm32cubeide_1.5.1/stm32cubeide/plugins/com.st.stm32cube.ide.mcu.externaltools.gnu-tools-for-stm32.7-2018-q2-update.win32_1.5.0.202011040924/tools/bin/../lib/gcc/arm-none-eabi/7.3.1/../../../../arm-none-eabi/lib/thumb/v7e-m/fpv4-sp/hard\libc_nano.a(lib_a-errno.o)
                0x000000000800b000                __errno
 .text.__libc_init_array
                0x000000000800b00c       0x48 c:/st/stm32cubeide_1.5.1/stm32cubeide/plugins/com.st.stm32cube.ide.mcu.externaltools.gnu-tools-for-stm32.7-2018-q2-update.win32_1.5.0.202011040924/tools/bin/../lib/gcc/arm-none-eabi/7.3.1/../../../../arm-none-eabi/lib/thumb/v7e-m/fpv4-sp/hard\libc_nano.a(lib_a-init.o)
                0x000000000800b00c                __libc_init_array
 .text.memcpy   0x000000000800b054       0x16 c:/st/stm32cubeide_1.5.1/stm32cubeide/plugins/com.st.stm32cube.ide.mcu.externaltools.gnu-tools-for-stm32.7-2018-q2-update.win32_1.5.0.202011040924/tools/bin/../lib/gcc/arm-none-eabi/7.3.1/../../../../arm-none-eabi/lib/thumb/v7e-m/fpv4-sp/hard\libc_nano.a(lib_a-memcpy-stub.o)
                0x000000000800b054                memcpy
 .text.memset   0x000000000800b06a       0x10 c:/st/stm32cubeide_1.5.1/stm32cubeide/plugins/com.st.stm32cube.ide.mcu.externaltools.gnu-tools-for-stm32.7-2018-q2-update.win32_1.5.0.202011040924/tools/bin/../lib/gcc/arm-none-eabi/7.3.1/../../../../arm-none-eabi/lib/thumb/v7e-m/fpv4-sp/hard\libc_nano.a(lib_a-memset.o)
                0x000000000800b06a                memset
 *fill*         0x000000000800b07a        0x2 
 .text.srand    0x000000000800b07c       0x48 c:/st/stm32cubeide_1.5.1/stm32cubeide/plugins/com.st.stm32cube.ide.mcu.externaltools.gnu-tools-for-stm32.7-2018-q2-update.win32_1.5.0.202011040924/tools/bin/../lib/gcc/arm-none-eabi/7.3.1/../../../../arm-none-eabi/lib/thumb/v7e-m/fpv4-sp/hard\libc_nano.a(lib_a-rand.o)
                0x000000000800b07c                srand
 .text.rand     0x000000000800b0c4       0x68 c:/st/stm32cubeide_1.5.1/stm32cubeide/plugins/com.st.stm32cube.ide.mcu.externaltools.gnu-tools-for-stm32.7-2018-q2-update.win32_1.5.0.202011040924/tools/bin/../lib/gcc/arm-none-eabi/7.3.1/../../../../arm-none-eabi/lib/thumb/v7e-m/fpv4-sp/hard\libc_nano.a(lib_a-rand.o)
                0x000000000800b0c4                rand
 .text.sprintf  0x000000000800b12c       0x40 c:/st/stm32cubeide_1.5.1/stm32cubeide/plugins/com.st.stm32cube.ide.mcu.externaltools.gnu-tools-for-stm32.7-2018-q2-update.win32_1.5.0.202011040924/tools/bin/../lib/gcc/arm-none-eabi/7.3.1/../../../../arm-none-eabi/lib/thumb/v7e-m/fpv4-sp/hard\libc_nano.a(lib_a-sprintf.o)
                0x000000000800b12c                siprintf
                0x000000000800b12c                sprintf
 .text.malloc   0x000000000800b16c       0x10 c:/st/stm32cubeide_1.5.1/stm32cubeide/plugins/com.st.stm32cube.ide.mcu.externaltools.gnu-tools-for-stm32.7-2018-q2-update.win32_1.5.0.202011040924/tools/bin/../lib/gcc/arm-none-eabi/7.3.1/../../../../arm-none-eabi/lib/thumb/v7e-m/fpv4-sp/hard\libc_nano.a(lib_a-malloc.o)
                0x000000000800b16c                malloc
 .text._free_r  0x000000000800b17c       0x9c c:/st/stm32cubeide_1.5.1/stm32cubeide/plugins/com.st.stm32cube.ide.mcu.externaltools.gnu-tools-for-stm32.7-2018-q2-update.win32_1.5.0.202011040924/tools/bin/../lib/gcc/arm-none-eabi/7.3.1/../../../../arm-none-eabi/lib/thumb/v7e-m/fpv4-sp/hard\libc_nano.a(lib_a-nano-freer.o)
                0x000000000800b17c                _free_r
 .text._malloc_r
                0x000000000800b218       0xb4 c:/st/stm32cubeide_1.5.1/stm32cubeide/plugins/com.st.stm32cube.ide.mcu.externaltools.gnu-tools-for-stm32.7-2018-q2-update.win32_1.5.0.202011040924/tools/bin/../lib/gcc/arm-none-eabi/7.3.1/../../../../arm-none-eabi/lib/thumb/v7e-m/fpv4-sp/hard\libc_nano.a(lib_a-nano-mallocr.o)
                0x000000000800b218                _malloc_r
 .text.__ssputs_r
                0x000000000800b2cc       0xb4 c:/st/stm32cubeide_1.5.1/stm32cubeide/plugins/com.st.stm32cube.ide.mcu.externaltools.gnu-tools-for-stm32.7-2018-q2-update.win32_1.5.0.202011040924/tools/bin/../lib/gcc/arm-none-eabi/7.3.1/../../../../arm-none-eabi/lib/thumb/v7e-m/fpv4-sp/hard\libc_nano.a(lib_a-nano-svfprintf.o)
                0x000000000800b2cc                __ssputs_r
 .text._svfprintf_r
                0x000000000800b380      0x1f0 c:/st/stm32cubeide_1.5.1/stm32cubeide/plugins/com.st.stm32cube.ide.mcu.externaltools.gnu-tools-for-stm32.7-2018-q2-update.win32_1.5.0.202011040924/tools/bin/../lib/gcc/arm-none-eabi/7.3.1/../../../../arm-none-eabi/lib/thumb/v7e-m/fpv4-sp/hard\libc_nano.a(lib_a-nano-svfprintf.o)
                0x000000000800b380                _svfiprintf_r
                0x000000000800b380                _svfprintf_r
 .text._printf_common
                0x000000000800b570       0xea c:/st/stm32cubeide_1.5.1/stm32cubeide/plugins/com.st.stm32cube.ide.mcu.externaltools.gnu-tools-for-stm32.7-2018-q2-update.win32_1.5.0.202011040924/tools/bin/../lib/gcc/arm-none-eabi/7.3.1/../../../../arm-none-eabi/lib/thumb/v7e-m/fpv4-sp/hard\libc_nano.a(lib_a-nano-vfprintf_i.o)
                0x000000000800b570                _printf_common
 *fill*         0x000000000800b65a        0x2 
 .text._printf_i
                0x000000000800b65c      0x224 c:/st/stm32cubeide_1.5.1/stm32cubeide/plugins/com.st.stm32cube.ide.mcu.externaltools.gnu-tools-for-stm32.7-2018-q2-update.win32_1.5.0.202011040924/tools/bin/../lib/gcc/arm-none-eabi/7.3.1/../../../../arm-none-eabi/lib/thumb/v7e-m/fpv4-sp/hard\libc_nano.a(lib_a-nano-vfprintf_i.o)
                0x000000000800b65c                _printf_i
 .text._sbrk_r  0x000000000800b880       0x20 c:/st/stm32cubeide_1.5.1/stm32cubeide/plugins/com.st.stm32cube.ide.mcu.externaltools.gnu-tools-for-stm32.7-2018-q2-update.win32_1.5.0.202011040924/tools/bin/../lib/gcc/arm-none-eabi/7.3.1/../../../../arm-none-eabi/lib/thumb/v7e-m/fpv4-sp/hard\libc_nano.a(lib_a-sbrkr.o)
                0x000000000800b880                _sbrk_r
 .text.memmove  0x000000000800b8a0       0x32 c:/st/stm32cubeide_1.5.1/stm32cubeide/plugins/com.st.stm32cube.ide.mcu.externaltools.gnu-tools-for-stm32.7-2018-q2-update.win32_1.5.0.202011040924/tools/bin/../lib/gcc/arm-none-eabi/7.3.1/../../../../arm-none-eabi/lib/thumb/v7e-m/fpv4-sp/hard\libc_nano.a(lib_a-memmove.o)
                0x000000000800b8a0                memmove
 .text.__malloc_lock
                0x000000000800b8d2        0x2 c:/st/stm32cubeide_1.5.1/stm32cubeide/plugins/com.st.stm32cube.ide.mcu.externaltools.gnu-tools-for-stm32.7-2018-q2-update.win32_1.5.0.202011040924/tools/bin/../lib/gcc/arm-none-eabi/7.3.1/../../../../arm-none-eabi/lib/thumb/v7e-m/fpv4-sp/hard\libc_nano.a(lib_a-mlock.o)
                0x000000000800b8d2                __malloc_lock
 .text.__malloc_unlock
                0x000000000800b8d4        0x2 c:/st/stm32cubeide_1.5.1/stm32cubeide/plugins/com.st.stm32cube.ide.mcu.externaltools.gnu-tools-for-stm32.7-2018-q2-update.win32_1.5.0.202011040924/tools/bin/../lib/gcc/arm-none-eabi/7.3.1/../../../../arm-none-eabi/lib/thumb/v7e-m/fpv4-sp/hard\libc_nano.a(lib_a-mlock.o)
                0x000000000800b8d4                __malloc_unlock
 .text._realloc_r
                0x000000000800b8d6       0x4c c:/st/stm32cubeide_1.5.1/stm32cubeide/plugins/com.st.stm32cube.ide.mcu.externaltools.gnu-tools-for-stm32.7-2018-q2-update.win32_1.5.0.202011040924/tools/bin/../lib/gcc/arm-none-eabi/7.3.1/../../../../arm-none-eabi/lib/thumb/v7e-m/fpv4-sp/hard\libc_nano.a(lib_a-nano-reallocr.o)
                0x000000000800b8d6                _realloc_r
 .text._malloc_usable_size_r
                0x000000000800b922       0x10 c:/st/stm32cubeide_1.5.1/stm32cubeide/plugins/com.st.stm32cube.ide.mcu.externaltools.gnu-tools-for-stm32.7-2018-q2-update.win32_1.5.0.202011040924/tools/bin/../lib/gcc/arm-none-eabi/7.3.1/../../../../arm-none-eabi/lib/thumb/v7e-m/fpv4-sp/hard\libc_nano.a(lib_a-nano-msizer.o)
                0x000000000800b922                _malloc_usable_size_r
 *fill*         0x000000000800b932        0x6 
 .text.ceil     0x000000000800b938      0x100 c:/st/stm32cubeide_1.5.1/stm32cubeide/plugins/com.st.stm32cube.ide.mcu.externaltools.gnu-tools-for-stm32.7-2018-q2-update.win32_1.5.0.202011040924/tools/bin/../lib/gcc/arm-none-eabi/7.3.1/../../../../arm-none-eabi/lib/thumb/v7e-m/fpv4-sp/hard\libm.a(lib_a-s_ceil.o)
                0x000000000800b938                ceil
 .text.round    0x000000000800ba38       0x94 c:/st/stm32cubeide_1.5.1/stm32cubeide/plugins/com.st.stm32cube.ide.mcu.externaltools.gnu-tools-for-stm32.7-2018-q2-update.win32_1.5.0.202011040924/tools/bin/../lib/gcc/arm-none-eabi/7.3.1/../../../../arm-none-eabi/lib/thumb/v7e-m/fpv4-sp/hard\libm.a(lib_a-s_round.o)
                0x000000000800ba38                round
 .text.log      0x000000000800bacc      0x100 c:/st/stm32cubeide_1.5.1/stm32cubeide/plugins/com.st.stm32cube.ide.mcu.externaltools.gnu-tools-for-stm32.7-2018-q2-update.win32_1.5.0.202011040924/tools/bin/../lib/gcc/arm-none-eabi/7.3.1/../../../../arm-none-eabi/lib/thumb/v7e-m/fpv4-sp/hard\libm.a(lib_a-w_log.o)
                0x000000000800bacc                log
 *fill*         0x000000000800bbcc        0x4 
 .text.__ieee754_log
                0x000000000800bbd0      0x364 c:/st/stm32cubeide_1.5.1/stm32cubeide/plugins/com.st.stm32cube.ide.mcu.externaltools.gnu-tools-for-stm32.7-2018-q2-update.win32_1.5.0.202011040924/tools/bin/../lib/gcc/arm-none-eabi/7.3.1/../../../../arm-none-eabi/lib/thumb/v7e-m/fpv4-sp/hard\libm.a(lib_a-e_log.o)
                0x000000000800bbd0                __ieee754_log
 .text.matherr  0x000000000800bf34        0x4 c:/st/stm32cubeide_1.5.1/stm32cubeide/plugins/com.st.stm32cube.ide.mcu.externaltools.gnu-tools-for-stm32.7-2018-q2-update.win32_1.5.0.202011040924/tools/bin/../lib/gcc/arm-none-eabi/7.3.1/../../../../arm-none-eabi/lib/thumb/v7e-m/fpv4-sp/hard\libm.a(lib_a-s_matherr.o)
                0x000000000800bf34                matherr
 .text.nan      0x000000000800bf38       0x10 c:/st/stm32cubeide_1.5.1/stm32cubeide/plugins/com.st.stm32cube.ide.mcu.externaltools.gnu-tools-for-stm32.7-2018-q2-update.win32_1.5.0.202011040924/tools/bin/../lib/gcc/arm-none-eabi/7.3.1/../../../../arm-none-eabi/lib/thumb/v7e-m/fpv4-sp/hard\libm.a(lib_a-s_nan.o)
                0x000000000800bf38                nan
 *(.glue_7)
 .glue_7        0x000000000800bf48        0x0 linker stubs
 *(.glue_7t)
 .glue_7t       0x000000000800bf48        0x0 linker stubs
 *(.eh_frame)
 .eh_frame      0x000000000800bf48        0x0 c:/st/stm32cubeide_1.5.1/stm32cubeide/plugins/com.st.stm32cube.ide.mcu.externaltools.gnu-tools-for-stm32.7-2018-q2-update.win32_1.5.0.202011040924/tools/bin/../lib/gcc/arm-none-eabi/7.3.1/thumb/v7e-m/fpv4-sp/hard/crtbegin.o
 *(.init)
 .init          0x000000000800bf48        0x4 c:/st/stm32cubeide_1.5.1/stm32cubeide/plugins/com.st.stm32cube.ide.mcu.externaltools.gnu-tools-for-stm32.7-2018-q2-update.win32_1.5.0.202011040924/tools/bin/../lib/gcc/arm-none-eabi/7.3.1/thumb/v7e-m/fpv4-sp/hard/crti.o
                0x000000000800bf48                _init
 .init          0x000000000800bf4c        0x8 c:/st/stm32cubeide_1.5.1/stm32cubeide/plugins/com.st.stm32cube.ide.mcu.externaltools.gnu-tools-for-stm32.7-2018-q2-update.win32_1.5.0.202011040924/tools/bin/../lib/gcc/arm-none-eabi/7.3.1/thumb/v7e-m/fpv4-sp/hard/crtn.o
 *(.fini)
 .fini          0x000000000800bf54        0x4 c:/st/stm32cubeide_1.5.1/stm32cubeide/plugins/com.st.stm32cube.ide.mcu.externaltools.gnu-tools-for-stm32.7-2018-q2-update.win32_1.5.0.202011040924/tools/bin/../lib/gcc/arm-none-eabi/7.3.1/thumb/v7e-m/fpv4-sp/hard/crti.o
                0x000000000800bf54                _fini
 .fini          0x000000000800bf58        0x8 c:/st/stm32cubeide_1.5.1/stm32cubeide/plugins/com.st.stm32cube.ide.mcu.externaltools.gnu-tools-for-stm32.7-2018-q2-update.win32_1.5.0.202011040924/tools/bin/../lib/gcc/arm-none-eabi/7.3.1/thumb/v7e-m/fpv4-sp/hard/crtn.o
                0x000000000800bf60                . = ALIGN (0x4)
                0x000000000800bf60                _etext = .

.vfp11_veneer   0x000000000800bf60        0x0
 .vfp11_veneer  0x000000000800bf60        0x0 linker stubs

.v4_bx          0x000000000800bf60        0x0
 .v4_bx         0x000000000800bf60        0x0 linker stubs

.iplt           0x000000000800bf60        0x0
 .iplt          0x000000000800bf60        0x0 c:/st/stm32cubeide_1.5.1/stm32cubeide/plugins/com.st.stm32cube.ide.mcu.externaltools.gnu-tools-for-stm32.7-2018-q2-update.win32_1.5.0.202011040924/tools/bin/../lib/gcc/arm-none-eabi/7.3.1/thumb/v7e-m/fpv4-sp/hard/crtbegin.o

.rodata         0x000000000800bf60       0xec
                0x000000000800bf60                . = ALIGN (0x4)
 *(.rodata)
 .rodata        0x000000000800bf60        0x8 BlueNRG_MS/App/app_bluenrg_ms.o
 .rodata        0x000000000800bf68        0x8 BlueNRG_MS/App/sensor.o
 .rodata        0x000000000800bf70       0x45 Core/Src/main.o
 *(.rodata*)
 *fill*         0x000000000800bfb5        0x3 
 .rodata.AHBPrescTable
                0x000000000800bfb8       0x10 Core/Src/system_stm32l4xx.o
                0x000000000800bfb8                AHBPrescTable
 .rodata.APBPrescTable
                0x000000000800bfc8        0x8 Core/Src/system_stm32l4xx.o
                0x000000000800bfc8                APBPrescTable
 .rodata.MSIRangeTable
                0x000000000800bfd0       0x30 Core/Src/system_stm32l4xx.o
                0x000000000800bfd0                MSIRangeTable
 .rodata.LedGpioInit.9839
                0x000000000800c000        0x4 Drivers/BSP/STM32L4xx_Nucleo/stm32l4xx_nucleo.o
 .rodata.ButtonGpioInit.9867
                0x000000000800c004        0x4 Drivers/BSP/STM32L4xx_Nucleo/stm32l4xx_nucleo.o
 .rodata.BUTTON_EXTI_LINE.9866
                0x000000000800c008        0x4 Drivers/BSP/STM32L4xx_Nucleo/stm32l4xx_nucleo.o
 .rodata.ButtonCallback.9864
                0x000000000800c00c        0x4 Drivers/BSP/STM32L4xx_Nucleo/stm32l4xx_nucleo.o
 .rodata.BSP_BUTTON_PRIO.9865
                0x000000000800c010        0x4 Drivers/BSP/STM32L4xx_Nucleo/stm32l4xx_nucleo.o
 .rodata._svfprintf_r.str1.1
                0x000000000800c014       0x11 c:/st/stm32cubeide_1.5.1/stm32cubeide/plugins/com.st.stm32cube.ide.mcu.externaltools.gnu-tools-for-stm32.7-2018-q2-update.win32_1.5.0.202011040924/tools/bin/../lib/gcc/arm-none-eabi/7.3.1/../../../../arm-none-eabi/lib/thumb/v7e-m/fpv4-sp/hard\libc_nano.a(lib_a-nano-svfprintf.o)
 .rodata._printf_i.str1.1
                0x000000000800c025       0x22 c:/st/stm32cubeide_1.5.1/stm32cubeide/plugins/com.st.stm32cube.ide.mcu.externaltools.gnu-tools-for-stm32.7-2018-q2-update.win32_1.5.0.202011040924/tools/bin/../lib/gcc/arm-none-eabi/7.3.1/../../../../arm-none-eabi/lib/thumb/v7e-m/fpv4-sp/hard\libc_nano.a(lib_a-nano-vfprintf_i.o)
 .rodata.log.str1.1
                0x000000000800c047        0x4 c:/st/stm32cubeide_1.5.1/stm32cubeide/plugins/com.st.stm32cube.ide.mcu.externaltools.gnu-tools-for-stm32.7-2018-q2-update.win32_1.5.0.202011040924/tools/bin/../lib/gcc/arm-none-eabi/7.3.1/../../../../arm-none-eabi/lib/thumb/v7e-m/fpv4-sp/hard\libm.a(lib_a-w_log.o)
                                          0x5 (size before relaxing)
                0x000000000800c04c                . = ALIGN (0x4)
 *fill*         0x000000000800c04b        0x1 

.ARM.extab      0x000000000800c04c        0x0
                0x000000000800c04c                . = ALIGN (0x4)
 *(.ARM.extab* .gnu.linkonce.armextab.*)
                0x000000000800c04c                . = ALIGN (0x4)

.ARM            0x000000000800c04c        0x8
                0x000000000800c04c                . = ALIGN (0x4)
                0x000000000800c04c                __exidx_start = .
 *(.ARM.exidx*)
 .ARM.exidx     0x000000000800c04c        0x8 c:/st/stm32cubeide_1.5.1/stm32cubeide/plugins/com.st.stm32cube.ide.mcu.externaltools.gnu-tools-for-stm32.7-2018-q2-update.win32_1.5.0.202011040924/tools/bin/../lib/gcc/arm-none-eabi/7.3.1/thumb/v7e-m/fpv4-sp/hard\libgcc.a(_udivmoddi4.o)
                0x000000000800c054                __exidx_end = .
                0x000000000800c054                . = ALIGN (0x4)

.rel.dyn        0x000000000800c054        0x0
 .rel.iplt      0x000000000800c054        0x0 c:/st/stm32cubeide_1.5.1/stm32cubeide/plugins/com.st.stm32cube.ide.mcu.externaltools.gnu-tools-for-stm32.7-2018-q2-update.win32_1.5.0.202011040924/tools/bin/../lib/gcc/arm-none-eabi/7.3.1/thumb/v7e-m/fpv4-sp/hard/crtbegin.o

.preinit_array  0x000000000800c054        0x0
                0x000000000800c054                . = ALIGN (0x4)
                0x000000000800c054                PROVIDE (__preinit_array_start = .)
 *(.preinit_array*)
                0x000000000800c054                PROVIDE (__preinit_array_end = .)
                0x000000000800c054                . = ALIGN (0x4)

.init_array     0x000000000800c054        0x4
                0x000000000800c054                . = ALIGN (0x4)
                0x000000000800c054                PROVIDE (__init_array_start = .)
 *(SORT_BY_NAME(.init_array.*))
 *(.init_array*)
 .init_array    0x000000000800c054        0x4 c:/st/stm32cubeide_1.5.1/stm32cubeide/plugins/com.st.stm32cube.ide.mcu.externaltools.gnu-tools-for-stm32.7-2018-q2-update.win32_1.5.0.202011040924/tools/bin/../lib/gcc/arm-none-eabi/7.3.1/thumb/v7e-m/fpv4-sp/hard/crtbegin.o
                0x000000000800c058                PROVIDE (__init_array_end = .)
                0x000000000800c058                . = ALIGN (0x4)

.fini_array     0x000000000800c058        0x4
                0x000000000800c058                . = ALIGN (0x4)
                [!provide]                        PROVIDE (__fini_array_start = .)
 *(SORT_BY_NAME(.fini_array.*))
 *(.fini_array*)
 .fini_array    0x000000000800c058        0x4 c:/st/stm32cubeide_1.5.1/stm32cubeide/plugins/com.st.stm32cube.ide.mcu.externaltools.gnu-tools-for-stm32.7-2018-q2-update.win32_1.5.0.202011040924/tools/bin/../lib/gcc/arm-none-eabi/7.3.1/thumb/v7e-m/fpv4-sp/hard/crtbegin.o
                [!provide]                        PROVIDE (__fini_array_end = .)
                0x000000000800c05c                . = ALIGN (0x4)
                0x000000000800c05c                _sidata = LOADADDR (.data)

.data           0x0000000020000000       0x8c load address 0x000000000800c05c
                0x0000000020000000                . = ALIGN (0x4)
                0x0000000020000000                _sdata = .
 *(.data)
 *(.data*)
 .data.user_button_init_state
                0x0000000020000000        0x1 BlueNRG_MS/App/app_bluenrg_ms.o
 .data.set_connectable
                0x0000000020000001        0x1 BlueNRG_MS/App/sensor.o
                0x0000000020000001                set_connectable
 .data.mask     0x0000000020000002        0x1 Core/Src/main.o
                0x0000000020000002                mask
 *fill*         0x0000000020000003        0x1 
 .data.SystemCoreClock
                0x0000000020000004        0x4 Core/Src/system_stm32l4xx.o
                0x0000000020000004                SystemCoreClock
 .data.LED_PORT
                0x0000000020000008        0x4 Drivers/BSP/STM32L4xx_Nucleo/stm32l4xx_nucleo.o
 .data.BUTTON_PORT
                0x000000002000000c        0x4 Drivers/BSP/STM32L4xx_Nucleo/stm32l4xx_nucleo.o
 .data.hpb_exti
                0x0000000020000010        0x8 Drivers/BSP/STM32L4xx_Nucleo/stm32l4xx_nucleo.o
                0x0000000020000010                hpb_exti
 .data.COM_USART
                0x0000000020000018        0x4 Drivers/BSP/STM32L4xx_Nucleo/stm32l4xx_nucleo.o
                0x0000000020000018                COM_USART
 .data.uwTickPrio
                0x000000002000001c        0x4 Drivers/STM32L4xx_HAL_Driver/Src/stm32l4xx_hal.o
                0x000000002000001c                uwTickPrio
 .data.uwTickFreq
                0x0000000020000020        0x1 Drivers/STM32L4xx_HAL_Driver/Src/stm32l4xx_hal.o
                0x0000000020000020                uwTickFreq
 *fill*         0x0000000020000021        0x3 
 .data._impure_ptr
                0x0000000020000024        0x4 c:/st/stm32cubeide_1.5.1/stm32cubeide/plugins/com.st.stm32cube.ide.mcu.externaltools.gnu-tools-for-stm32.7-2018-q2-update.win32_1.5.0.202011040924/tools/bin/../lib/gcc/arm-none-eabi/7.3.1/../../../../arm-none-eabi/lib/thumb/v7e-m/fpv4-sp/hard\libc_nano.a(lib_a-impure.o)
                0x0000000020000024                _impure_ptr
 .data.impure_data
                0x0000000020000028       0x60 c:/st/stm32cubeide_1.5.1/stm32cubeide/plugins/com.st.stm32cube.ide.mcu.externaltools.gnu-tools-for-stm32.7-2018-q2-update.win32_1.5.0.202011040924/tools/bin/../lib/gcc/arm-none-eabi/7.3.1/../../../../arm-none-eabi/lib/thumb/v7e-m/fpv4-sp/hard\libc_nano.a(lib_a-impure.o)
 .data.__fdlib_version
                0x0000000020000088        0x1 c:/st/stm32cubeide_1.5.1/stm32cubeide/plugins/com.st.stm32cube.ide.mcu.externaltools.gnu-tools-for-stm32.7-2018-q2-update.win32_1.5.0.202011040924/tools/bin/../lib/gcc/arm-none-eabi/7.3.1/../../../../arm-none-eabi/lib/thumb/v7e-m/fpv4-sp/hard\libm.a(lib_a-s_lib_ver.o)
                0x0000000020000088                __fdlib_version
 *(.RamFunc)
 *(.RamFunc*)
                0x000000002000008c                . = ALIGN (0x4)
 *fill*         0x0000000020000089        0x3 
                0x000000002000008c                _edata = .

.igot.plt       0x000000002000008c        0x0 load address 0x000000000800c0e8
 .igot.plt      0x000000002000008c        0x0 c:/st/stm32cubeide_1.5.1/stm32cubeide/plugins/com.st.stm32cube.ide.mcu.externaltools.gnu-tools-for-stm32.7-2018-q2-update.win32_1.5.0.202011040924/tools/bin/../lib/gcc/arm-none-eabi/7.3.1/thumb/v7e-m/fpv4-sp/hard/crtbegin.o
                0x000000002000008c                . = ALIGN (0x4)

.bss            0x0000000020000090      0x740 load address 0x000000000800c0e8
                0x0000000020000090                _sbss = .
                0x0000000020000090                __bss_start__ = _sbss
 *(.bss)
 .bss           0x0000000020000090       0x1c c:/st/stm32cubeide_1.5.1/stm32cubeide/plugins/com.st.stm32cube.ide.mcu.externaltools.gnu-tools-for-stm32.7-2018-q2-update.win32_1.5.0.202011040924/tools/bin/../lib/gcc/arm-none-eabi/7.3.1/thumb/v7e-m/fpv4-sp/hard/crtbegin.o
 *(.bss*)
 .bss.bnrg_expansion_board
                0x00000000200000ac        0x1 BlueNRG_MS/App/app_bluenrg_ms.o
                0x00000000200000ac                bnrg_expansion_board
 .bss.user_button_pressed
                0x00000000200000ad        0x1 BlueNRG_MS/App/app_bluenrg_ms.o
 *fill*         0x00000000200000ae        0x2 
 .bss.counter.11614
                0x00000000200000b0        0x4 BlueNRG_MS/App/app_bluenrg_ms.o
 .bss.connection_handle
                0x00000000200000b4        0x2 BlueNRG_MS/App/sensor.o
                0x00000000200000b4                connection_handle
 .bss.notification_enabled
                0x00000000200000b6        0x1 BlueNRG_MS/App/sensor.o
                0x00000000200000b6                notification_enabled
 *fill*         0x00000000200000b7        0x1 
 .bss.connected
                0x00000000200000b8        0x4 BlueNRG_MS/App/sensor.o
                0x00000000200000b8                connected
 .bss.x_axes    0x00000000200000bc        0xc BlueNRG_MS/App/sensor.o
                0x00000000200000bc                x_axes
 .bss.g_axes    0x00000000200000c8        0xc BlueNRG_MS/App/sensor.o
                0x00000000200000c8                g_axes
 .bss.m_axes    0x00000000200000d4        0xc BlueNRG_MS/App/sensor.o
                0x00000000200000d4                m_axes
 .bss.q_axes    0x00000000200000e0        0xc BlueNRG_MS/App/sensor.o
                0x00000000200000e0                q_axes
 .bss.read_char_buf.10242
                0x00000000200000ec       0xff BlueNRG_MS/Target/hci_tl_interface.o
 *fill*         0x00000000200001eb        0x1 
 .bss.HAL_RCC_ADC_CLK_ENABLED
                0x00000000200001ec        0x4 Core/Src/adc.o
 .bss.SPI1InitCounter
                0x00000000200001f0        0x4 Core/Src/stm32l4xx_nucleo_bus.o
 .bss.__sbrk_heap_end
                0x00000000200001f4        0x4 Core/Src/sysmem.o
 .bss.hciReadPacketBuffer
                0x00000000200001f8      0x2bc Middlewares/ST/BlueNRG-MS/hci/hci_tl_patterns/Basic/hci_tl.o
 .bss.hciContext
                0x00000000200004b4       0x20 Middlewares/ST/BlueNRG-MS/hci/hci_tl_patterns/Basic/hci_tl.o
 .bss.__malloc_free_list
                0x00000000200004d4        0x4 c:/st/stm32cubeide_1.5.1/stm32cubeide/plugins/com.st.stm32cube.ide.mcu.externaltools.gnu-tools-for-stm32.7-2018-q2-update.win32_1.5.0.202011040924/tools/bin/../lib/gcc/arm-none-eabi/7.3.1/../../../../arm-none-eabi/lib/thumb/v7e-m/fpv4-sp/hard\libc_nano.a(lib_a-nano-mallocr.o)
                0x00000000200004d4                __malloc_free_list
 .bss.__malloc_sbrk_start
                0x00000000200004d8        0x4 c:/st/stm32cubeide_1.5.1/stm32cubeide/plugins/com.st.stm32cube.ide.mcu.externaltools.gnu-tools-for-stm32.7-2018-q2-update.win32_1.5.0.202011040924/tools/bin/../lib/gcc/arm-none-eabi/7.3.1/../../../../arm-none-eabi/lib/thumb/v7e-m/fpv4-sp/hard\libc_nano.a(lib_a-nano-mallocr.o)
                0x00000000200004d8                __malloc_sbrk_start
 *(COMMON)
 COMMON         0x00000000200004dc        0x6 BlueNRG_MS/App/app_bluenrg_ms.o
                0x00000000200004dc                bdaddr
 *fill*         0x00000000200004e2        0x2 
 COMMON         0x00000000200004e4       0x2c BlueNRG_MS/App/gatt_db.o
                0x00000000200004e4                EnvironmentalCharHandle
                0x00000000200004e6                QuaternionsCharHandle
                0x00000000200004e8                char_uuid
                0x00000000200004f8                SWServW2STHandle
                0x00000000200004fa                HWServW2STHandle
                0x00000000200004fc                AccGyroMagCharHandle
                0x0000000020000500                service_uuid
 COMMON         0x0000000020000510        0x8 BlueNRG_MS/Target/hci_tl_interface.o
                0x0000000020000510                hexti0
 COMMON         0x0000000020000518       0xc8 Core/Src/adc.o
                0x0000000020000518                hadc2
                0x000000002000057c                hadc1
 COMMON         0x00000000200005e0       0x4c Core/Src/i2c.o
                0x00000000200005e0                hi2c1
 *fill*         0x000000002000062c        0x4 
 COMMON         0x0000000020000630       0x58 Core/Src/main.o
                0x0000000020000630                lastbit
                0x0000000020000632                pos
                0x0000000020000634                LED_data
                0x000000002000064c                low_CCR1
                0x000000002000064e                low_ARR
                0x0000000020000650                treset_ARR
                0x0000000020000652                high_ARR
                0x0000000020000658                period
                0x0000000020000660                high_CCR1
                0x0000000020000664                disp
 COMMON         0x0000000020000688       0x64 Core/Src/stm32l4xx_nucleo_bus.o
                0x0000000020000688                hspi1
 COMMON         0x00000000200006ec       0x4c Core/Src/tim.o
                0x00000000200006ec                htim4
 COMMON         0x0000000020000738       0x80 Drivers/BSP/STM32L4xx_Nucleo/stm32l4xx_nucleo.o
                0x0000000020000738                hcom_uart
 COMMON         0x00000000200007b8        0x4 Drivers/STM32L4xx_HAL_Driver/Src/stm32l4xx_hal.o
                0x00000000200007b8                uwTick
 COMMON         0x00000000200007bc       0x10 Middlewares/ST/BlueNRG-MS/hci/hci_tl_patterns/Basic/hci_tl.o
                0x00000000200007bc                hciReadPktPool
                0x00000000200007c4                hciReadPktRxQueue
 COMMON         0x00000000200007cc        0x4 c:/st/stm32cubeide_1.5.1/stm32cubeide/plugins/com.st.stm32cube.ide.mcu.externaltools.gnu-tools-for-stm32.7-2018-q2-update.win32_1.5.0.202011040924/tools/bin/../lib/gcc/arm-none-eabi/7.3.1/../../../../arm-none-eabi/lib/thumb/v7e-m/fpv4-sp/hard\libc_nano.a(lib_a-reent.o)
                0x00000000200007cc                errno
                0x00000000200007d0                . = ALIGN (0x4)
                0x00000000200007d0                _ebss = .
                0x00000000200007d0                __bss_end__ = _ebss

._user_heap_stack
                0x00000000200007d0      0x600 load address 0x000000000800c0e8
                0x00000000200007d0                . = ALIGN (0x8)
                [!provide]                        PROVIDE (end = .)
                0x00000000200007d0                PROVIDE (_end = .)
                0x00000000200009d0                . = (. + _Min_Heap_Size)
 *fill*         0x00000000200007d0      0x200 
                0x0000000020000dd0                . = (. + _Min_Stack_Size)
 *fill*         0x00000000200009d0      0x400 
                0x0000000020000dd0                . = ALIGN (0x8)

/DISCARD/
 libc.a(*)
 libm.a(*)
 libgcc.a(*)

.ARM.attributes
                0x0000000000000000       0x30
 *(.ARM.attributes)
 .ARM.attributes
                0x0000000000000000       0x22 c:/st/stm32cubeide_1.5.1/stm32cubeide/plugins/com.st.stm32cube.ide.mcu.externaltools.gnu-tools-for-stm32.7-2018-q2-update.win32_1.5.0.202011040924/tools/bin/../lib/gcc/arm-none-eabi/7.3.1/thumb/v7e-m/fpv4-sp/hard/crti.o
 .ARM.attributes
                0x0000000000000022       0x34 c:/st/stm32cubeide_1.5.1/stm32cubeide/plugins/com.st.stm32cube.ide.mcu.externaltools.gnu-tools-for-stm32.7-2018-q2-update.win32_1.5.0.202011040924/tools/bin/../lib/gcc/arm-none-eabi/7.3.1/thumb/v7e-m/fpv4-sp/hard/crtbegin.o
 .ARM.attributes
                0x0000000000000056       0x39 BlueNRG_MS/App/app_bluenrg_ms.o
 .ARM.attributes
                0x000000000000008f       0x39 BlueNRG_MS/App/gatt_db.o
 .ARM.attributes
                0x00000000000000c8       0x39 BlueNRG_MS/App/sensor.o
 .ARM.attributes
                0x0000000000000101       0x39 BlueNRG_MS/Target/hci_tl_interface.o
 .ARM.attributes
                0x000000000000013a       0x39 Core/Src/adc.o
 .ARM.attributes
                0x0000000000000173       0x39 Core/Src/gpio.o
 .ARM.attributes
                0x00000000000001ac       0x39 Core/Src/i2c.o
 .ARM.attributes
                0x00000000000001e5       0x39 Core/Src/lcd_i2c.o
 .ARM.attributes
                0x000000000000021e       0x39 Core/Src/main.o
 .ARM.attributes
                0x0000000000000257       0x39 Core/Src/stm32l4xx_hal_msp.o
 .ARM.attributes
                0x0000000000000290       0x39 Core/Src/stm32l4xx_it.o
 .ARM.attributes
                0x00000000000002c9       0x39 Core/Src/stm32l4xx_nucleo_bus.o
 .ARM.attributes
                0x0000000000000302       0x39 Core/Src/sysmem.o
 .ARM.attributes
                0x000000000000033b       0x39 Core/Src/system_stm32l4xx.o
 .ARM.attributes
                0x0000000000000374       0x39 Core/Src/tim.o
 .ARM.attributes
                0x00000000000003ad       0x21 Core/Startup/startup_stm32l476rgtx.o
 .ARM.attributes
                0x00000000000003ce       0x39 Drivers/BSP/STM32L4xx_Nucleo/stm32l4xx_nucleo.o
 .ARM.attributes
                0x0000000000000407       0x39 Drivers/STM32L4xx_HAL_Driver/Src/stm32l4xx_hal.o
 .ARM.attributes
                0x0000000000000440       0x39 Drivers/STM32L4xx_HAL_Driver/Src/stm32l4xx_hal_adc.o
 .ARM.attributes
                0x0000000000000479       0x39 Drivers/STM32L4xx_HAL_Driver/Src/stm32l4xx_hal_adc_ex.o
 .ARM.attributes
                0x00000000000004b2       0x39 Drivers/STM32L4xx_HAL_Driver/Src/stm32l4xx_hal_cortex.o
 .ARM.attributes
                0x00000000000004eb       0x39 Drivers/STM32L4xx_HAL_Driver/Src/stm32l4xx_hal_exti.o
 .ARM.attributes
                0x0000000000000524       0x39 Drivers/STM32L4xx_HAL_Driver/Src/stm32l4xx_hal_gpio.o
 .ARM.attributes
                0x000000000000055d       0x39 Drivers/STM32L4xx_HAL_Driver/Src/stm32l4xx_hal_i2c.o
 .ARM.attributes
                0x0000000000000596       0x39 Drivers/STM32L4xx_HAL_Driver/Src/stm32l4xx_hal_i2c_ex.o
 .ARM.attributes
                0x00000000000005cf       0x39 Drivers/STM32L4xx_HAL_Driver/Src/stm32l4xx_hal_pwr_ex.o
 .ARM.attributes
                0x0000000000000608       0x39 Drivers/STM32L4xx_HAL_Driver/Src/stm32l4xx_hal_rcc.o
 .ARM.attributes
                0x0000000000000641       0x39 Drivers/STM32L4xx_HAL_Driver/Src/stm32l4xx_hal_rcc_ex.o
 .ARM.attributes
                0x000000000000067a       0x39 Drivers/STM32L4xx_HAL_Driver/Src/stm32l4xx_hal_spi.o
 .ARM.attributes
                0x00000000000006b3       0x39 Drivers/STM32L4xx_HAL_Driver/Src/stm32l4xx_hal_tim.o
 .ARM.attributes
                0x00000000000006ec       0x39 Drivers/STM32L4xx_HAL_Driver/Src/stm32l4xx_hal_tim_ex.o
 .ARM.attributes
                0x0000000000000725       0x39 Drivers/STM32L4xx_HAL_Driver/Src/stm32l4xx_hal_uart.o
 .ARM.attributes
                0x000000000000075e       0x39 Middlewares/ST/BlueNRG-MS/hci/controller/bluenrg_gap_aci.o
 .ARM.attributes
                0x0000000000000797       0x39 Middlewares/ST/BlueNRG-MS/hci/controller/bluenrg_gatt_aci.o
 .ARM.attributes
                0x00000000000007d0       0x39 Middlewares/ST/BlueNRG-MS/hci/controller/bluenrg_hal_aci.o
 .ARM.attributes
                0x0000000000000809       0x39 Middlewares/ST/BlueNRG-MS/hci/controller/bluenrg_utils_small.o
 .ARM.attributes
                0x0000000000000842       0x39 Middlewares/ST/BlueNRG-MS/hci/hci_le.o
 .ARM.attributes
                0x000000000000087b       0x39 Middlewares/ST/BlueNRG-MS/hci/hci_tl_patterns/Basic/hci_tl.o
 .ARM.attributes
                0x00000000000008b4       0x39 Middlewares/ST/BlueNRG-MS/utils/ble_list.o
 .ARM.attributes
                0x00000000000008ed       0x34 c:/st/stm32cubeide_1.5.1/stm32cubeide/plugins/com.st.stm32cube.ide.mcu.externaltools.gnu-tools-for-stm32.7-2018-q2-update.win32_1.5.0.202011040924/tools/bin/../lib/gcc/arm-none-eabi/7.3.1/../../../../arm-none-eabi/lib/thumb/v7e-m/fpv4-sp/hard\libc_nano.a(lib_a-errno.o)
 .ARM.attributes
                0x0000000000000921       0x34 c:/st/stm32cubeide_1.5.1/stm32cubeide/plugins/com.st.stm32cube.ide.mcu.externaltools.gnu-tools-for-stm32.7-2018-q2-update.win32_1.5.0.202011040924/tools/bin/../lib/gcc/arm-none-eabi/7.3.1/../../../../arm-none-eabi/lib/thumb/v7e-m/fpv4-sp/hard\libc_nano.a(lib_a-impure.o)
 .ARM.attributes
                0x0000000000000955       0x34 c:/st/stm32cubeide_1.5.1/stm32cubeide/plugins/com.st.stm32cube.ide.mcu.externaltools.gnu-tools-for-stm32.7-2018-q2-update.win32_1.5.0.202011040924/tools/bin/../lib/gcc/arm-none-eabi/7.3.1/../../../../arm-none-eabi/lib/thumb/v7e-m/fpv4-sp/hard\libc_nano.a(lib_a-init.o)
 .ARM.attributes
                0x0000000000000989       0x34 c:/st/stm32cubeide_1.5.1/stm32cubeide/plugins/com.st.stm32cube.ide.mcu.externaltools.gnu-tools-for-stm32.7-2018-q2-update.win32_1.5.0.202011040924/tools/bin/../lib/gcc/arm-none-eabi/7.3.1/../../../../arm-none-eabi/lib/thumb/v7e-m/fpv4-sp/hard\libc_nano.a(lib_a-memcpy-stub.o)
 .ARM.attributes
                0x00000000000009bd       0x34 c:/st/stm32cubeide_1.5.1/stm32cubeide/plugins/com.st.stm32cube.ide.mcu.externaltools.gnu-tools-for-stm32.7-2018-q2-update.win32_1.5.0.202011040924/tools/bin/../lib/gcc/arm-none-eabi/7.3.1/../../../../arm-none-eabi/lib/thumb/v7e-m/fpv4-sp/hard\libc_nano.a(lib_a-memset.o)
 .ARM.attributes
                0x00000000000009f1       0x34 c:/st/stm32cubeide_1.5.1/stm32cubeide/plugins/com.st.stm32cube.ide.mcu.externaltools.gnu-tools-for-stm32.7-2018-q2-update.win32_1.5.0.202011040924/tools/bin/../lib/gcc/arm-none-eabi/7.3.1/../../../../arm-none-eabi/lib/thumb/v7e-m/fpv4-sp/hard\libc_nano.a(lib_a-rand.o)
 .ARM.attributes
                0x0000000000000a25       0x34 c:/st/stm32cubeide_1.5.1/stm32cubeide/plugins/com.st.stm32cube.ide.mcu.externaltools.gnu-tools-for-stm32.7-2018-q2-update.win32_1.5.0.202011040924/tools/bin/../lib/gcc/arm-none-eabi/7.3.1/../../../../arm-none-eabi/lib/thumb/v7e-m/fpv4-sp/hard\libc_nano.a(lib_a-sprintf.o)
 .ARM.attributes
                0x0000000000000a59       0x1b c:/st/stm32cubeide_1.5.1/stm32cubeide/plugins/com.st.stm32cube.ide.mcu.externaltools.gnu-tools-for-stm32.7-2018-q2-update.win32_1.5.0.202011040924/tools/bin/../lib/gcc/arm-none-eabi/7.3.1/../../../../arm-none-eabi/lib/thumb/v7e-m/fpv4-sp/hard\libc_nano.a(lib_a-strlen.o)
 .ARM.attributes
                0x0000000000000a74       0x34 c:/st/stm32cubeide_1.5.1/stm32cubeide/plugins/com.st.stm32cube.ide.mcu.externaltools.gnu-tools-for-stm32.7-2018-q2-update.win32_1.5.0.202011040924/tools/bin/../lib/gcc/arm-none-eabi/7.3.1/../../../../arm-none-eabi/lib/thumb/v7e-m/fpv4-sp/hard\libc_nano.a(lib_a-malloc.o)
 .ARM.attributes
                0x0000000000000aa8       0x34 c:/st/stm32cubeide_1.5.1/stm32cubeide/plugins/com.st.stm32cube.ide.mcu.externaltools.gnu-tools-for-stm32.7-2018-q2-update.win32_1.5.0.202011040924/tools/bin/../lib/gcc/arm-none-eabi/7.3.1/../../../../arm-none-eabi/lib/thumb/v7e-m/fpv4-sp/hard\libc_nano.a(lib_a-nano-freer.o)
 .ARM.attributes