stm32l4xx_nucleo.c:93:9:BSP_GetVersion	4	static
stm32l4xx_nucleo.c:105:9:BSP_LED_Init	16	static
stm32l4xx_nucleo.c:120:9:BSP_LED_DeInit	40	static
stm32l4xx_nucleo.c:143:9:BSP_LED_On	16	static
stm32l4xx_nucleo.c:160:9:BSP_LED_Off	16	static
stm32l4xx_nucleo.c:177:9:BSP_LED_Toggle	16	static
stm32l4xx_nucleo.c:194:9:BSP_LED_GetState	16	static
stm32l4xx_nucleo.c:202:13:LED_USER_GPIO_Init	4	static
stm32l4xx_nucleo.c:217:9:BSP_PB_Init	24	static
stm32l4xx_nucleo.c:257:9:BSP_PB_DeInit	40	static
stm32l4xx_nucleo.c:275:9:BSP_PB_GetState	16	static
stm32l4xx_nucleo.c:284:6:BSP_PB_IRQHandler	16	static
stm32l4xx_nucleo.c:294:13:BSP_PB_Callback	16	static
stm32l4xx_nucleo.c:307:13:BUTTON_USER_EXTI_Callback	8	static
stm32l4xx_nucleo.c:316:13:BUTTON_USER_GPIO_Init	4	static
stm32l4xx_nucleo.c:328:9:BSP_COM_Init	24	static
stm32l4xx_nucleo.c:367:9:BSP_COM_DeInit	24	static
stm32l4xx_nucleo.c:404:26:MX_USART2_UART_Init	24	static
stm32l4xx_nucleo.c:507:9:BSP_COM_SelectLogPort	16	static
stm32l4xx_nucleo.c:519:6:__io_putchar	16	static
stm32l4xx_nucleo.c:532:13:USART2_MspInit	48	static
stm32l4xx_nucleo.c:565:13:USART2_MspDeInit	16	static
